Component: ARM Compiler 5.06 update 5 (build 528) Tool: armlink [4d35e2]

==============================================================================

Section Cross References

    startup_stm32f103xe.o(RESET) refers to startup_stm32f103xe.o(STACK) for __initial_sp
    startup_stm32f103xe.o(RESET) refers to startup_stm32f103xe.o(.text) for Reset_Handler
    startup_stm32f103xe.o(RESET) refers to stm32f1xx_it.o(i.NMI_Handler) for NMI_Handler
    startup_stm32f103xe.o(RESET) refers to stm32f1xx_it.o(i.HardFault_Handler) for HardFault_Handler
    startup_stm32f103xe.o(RESET) refers to stm32f1xx_it.o(i.MemManage_Handler) for MemManage_Handler
    startup_stm32f103xe.o(RESET) refers to stm32f1xx_it.o(i.BusFault_Handler) for BusFault_Handler
    startup_stm32f103xe.o(RESET) refers to stm32f1xx_it.o(i.UsageFault_Handler) for UsageFault_Handler
    startup_stm32f103xe.o(RESET) refers to stm32f1xx_it.o(i.SVC_Handler) for SVC_Handler
    startup_stm32f103xe.o(RESET) refers to stm32f1xx_it.o(i.DebugMon_Handler) for DebugMon_Handler
    startup_stm32f103xe.o(RESET) refers to stm32f1xx_it.o(i.PendSV_Handler) for PendSV_Handler
    startup_stm32f103xe.o(RESET) refers to stm32f1xx_it.o(i.SysTick_Handler) for SysTick_Handler
    startup_stm32f103xe.o(RESET) refers to usart.o(i.USART2_IRQHandler) for USART2_IRQHandler
    startup_stm32f103xe.o(RESET) refers to stm32f1xx_it.o(i.UART4_IRQHandler) for UART4_IRQHandler
    startup_stm32f103xe.o(.text) refers to system_stm32f1xx.o(i.SystemInit) for SystemInit
    startup_stm32f103xe.o(.text) refers to entry.o(.ARM.Collect$$$$00000000) for __main
    main.o(i.Add_Card_Flash) refers to myflash.o(i.stmflash_write) for stmflash_write
    main.o(i.Add_Card_Flash) refers to rc522.o(.data) for UID
    main.o(i.Add_Card_Flash) refers to main.o(.data) for ID_select
    main.o(i.Buzzer_Init) refers to stm32f1xx_hal_gpio.o(i.HAL_GPIO_WritePin) for HAL_GPIO_WritePin
    main.o(i.Buzzer_Init) refers to stm32f1xx_hal_gpio.o(i.HAL_GPIO_Init) for HAL_GPIO_Init
    main.o(i.Del_FR) refers to as608.o(i.GZ_DeletChar) for GZ_DeletChar
    main.o(i.Del_FR) refers to main.o(.data) for ID_select
    main.o(i.Host_SendCardEvent) refers to main.o(i.UID_ToString) for UID_ToString
    main.o(i.Host_SendCardEvent) refers to printf8.o(i.__0sprintf$8) for __2sprintf
    main.o(i.Host_SendCardEvent) refers to main.o(i.Host_SendText) for Host_SendText
    main.o(i.Host_SendFaceFail) refers to printf8.o(i.__0sprintf$8) for __2sprintf
    main.o(i.Host_SendFaceFail) refers to main.o(i.Host_SendText) for Host_SendText
    main.o(i.Host_SendFaceOk) refers to printf8.o(i.__0sprintf$8) for __2sprintf
    main.o(i.Host_SendFaceOk) refers to main.o(i.Host_SendText) for Host_SendText
    main.o(i.Host_SendFingerEvent) refers to printf8.o(i.__0sprintf$8) for __2sprintf
    main.o(i.Host_SendFingerEvent) refers to main.o(i.Host_SendText) for Host_SendText
    main.o(i.Host_SendText) refers to strlen.o(.text) for strlen
    main.o(i.Host_SendText) refers to stm32f1xx_hal_uart.o(i.HAL_UART_Transmit) for HAL_UART_Transmit
    main.o(i.Host_SendText) refers to printf8.o(i.__0printf$8) for __2printf
    main.o(i.Host_SendText) refers to usart.o(.bss) for huart3
    main.o(i.Read_Card_Flash) refers to myflash.o(i.stmflash_read) for stmflash_read
    main.o(i.Read_Card_Flash) refers to rc522.o(.data) for UI0
    main.o(i.SystemClock_Config) refers to memseta.o(.text) for __aeabi_memclr4
    main.o(i.SystemClock_Config) refers to stm32f1xx_hal_rcc.o(i.HAL_RCC_OscConfig) for HAL_RCC_OscConfig
    main.o(i.SystemClock_Config) refers to main.o(i.Error_Handler) for Error_Handler
    main.o(i.SystemClock_Config) refers to stm32f1xx_hal_rcc.o(i.HAL_RCC_ClockConfig) for HAL_RCC_ClockConfig
    main.o(i.UID_ToString) refers to printf8.o(i.__0sprintf$8) for __2sprintf
    main.o(i.main) refers to stm32f1xx_hal.o(i.HAL_Init) for HAL_Init
    main.o(i.main) refers to main.o(i.SystemClock_Config) for SystemClock_Config
    main.o(i.main) refers to gpio.o(i.MX_GPIO_Init) for MX_GPIO_Init
    main.o(i.main) refers to tim.o(i.MX_TIM4_Init) for MX_TIM4_Init
    main.o(i.main) refers to main.o(i.Buzzer_Init) for Buzzer_Init
    main.o(i.main) refers to stm32f1xx_hal_tim.o(i.HAL_TIM_PWM_Start) for HAL_TIM_PWM_Start
    main.o(i.main) refers to usart.o(i.MX_UART4_Init) for MX_UART4_Init
    main.o(i.main) refers to usart.o(i.MX_USART2_UART_Init) for MX_USART2_UART_Init
    main.o(i.main) refers to usart.o(i.MX_USART3_UART_Init) for MX_USART3_UART_Init
    main.o(i.main) refers to usart.o(i.MX_UART5_Init) for MX_UART5_Init
    main.o(i.main) refers to oled.o(i.OLED_Init) for OLED_Init
    main.o(i.main) refers to oled.o(i.OLED_ShowString) for OLED_ShowString
    main.o(i.main) refers to rc522.o(i.RFID_Init) for RFID_Init
    main.o(i.main) refers to key.o(i.Key_Init) for Key_Init
    main.o(i.main) refers to servo.o(i.Servo_Init) for Servo_Init
    main.o(i.main) refers to stm32f1xx_hal.o(i.HAL_Delay) for HAL_Delay
[...]
    Removing depilogue.o(.text), (186 bytes).

421 unused section(s) (total 37357 bytes) removed from the image.

==============================================================================

Image Symbol Table

    Local Symbols

    Symbol Name                              Value     Ov Type        Size  Object(Section)

    ../Drivers/STM32F1xx_HAL_Driver/Src/stm32f1xx_hal.c 0x00000000   Number         0  stm32f1xx_hal.o ABSOLUTE
    ../Drivers/STM32F1xx_HAL_Driver/Src/stm32f1xx_hal_cortex.c 0x00000000   Number         0  stm32f1xx_hal_cortex.o ABSOLUTE
    ../Drivers/STM32F1xx_HAL_Driver/Src/stm32f1xx_hal_dma.c 0x00000000   Number         0  stm32f1xx_hal_dma.o ABSOLUTE
    ../Drivers/STM32F1xx_HAL_Driver/Src/stm32f1xx_hal_exti.c 0x00000000   Number         0  stm32f1xx_hal_exti.o ABSOLUTE
    ../Drivers/STM32F1xx_HAL_Driver/Src/stm32f1xx_hal_flash.c 0x00000000   Number         0  stm32f1xx_hal_flash.o ABSOLUTE
    ../Drivers/STM32F1xx_HAL_Driver/Src/stm32f1xx_hal_flash_ex.c 0x00000000   Number         0  stm32f1xx_hal_flash_ex.o ABSOLUTE
    ../Drivers/STM32F1xx_HAL_Driver/Src/stm32f1xx_hal_gpio.c 0x00000000   Number         0  stm32f1xx_hal_gpio.o ABSOLUTE
    ../Drivers/STM32F1xx_HAL_Driver/Src/stm32f1xx_hal_gpio_ex.c 0x00000000   Number         0  stm32f1xx_hal_gpio_ex.o ABSOLUTE
    ../Drivers/STM32F1xx_HAL_Driver/Src/stm32f1xx_hal_pwr.c 0x00000000   Number         0  stm32f1xx_hal_pwr.o ABSOLUTE
    ../Drivers/STM32F1xx_HAL_Driver/Src/stm32f1xx_hal_rcc.c 0x00000000   Number         0  stm32f1xx_hal_rcc.o ABSOLUTE
    ../Drivers/STM32F1xx_HAL_Driver/Src/stm32f1xx_hal_rcc_ex.c 0x00000000   Number         0  stm32f1xx_hal_rcc_ex.o ABSOLUTE
    ../Drivers/STM32F1xx_HAL_Driver/Src/stm32f1xx_hal_tim.c 0x00000000   Number         0  stm32f1xx_hal_tim.o ABSOLUTE
    ../Drivers/STM32F1xx_HAL_Driver/Src/stm32f1xx_hal_tim_ex.c 0x00000000   Number         0  stm32f1xx_hal_tim_ex.o ABSOLUTE
    ../Drivers/STM32F1xx_HAL_Driver/Src/stm32f1xx_hal_uart.c 0x00000000   Number         0  stm32f1xx_hal_uart.o ABSOLUTE
    ../Src/gpio.c                            0x00000000   Number         0  gpio.o ABSOLUTE
    ../Src/main.c                            0x00000000   Number         0  main.o ABSOLUTE
    ../Src/stm32f1xx_hal_msp.c               0x00000000   Number         0  stm32f1xx_hal_msp.o ABSOLUTE
    ../Src/stm32f1xx_it.c                    0x00000000   Number         0  stm32f1xx_it.o ABSOLUTE
    ../Src/system_stm32f1xx.c                0x00000000   Number         0  system_stm32f1xx.o ABSOLUTE
    ../Src/usart.c                           0x00000000   Number         0  usart.o ABSOLUTE
    ../clib/microlib/division.c              0x00000000   Number         0  uldiv.o ABSOLUTE
    ../clib/microlib/division.c              0x00000000   Number         0  uidiv.o ABSOLUTE
    ../clib/microlib/init/entry.s            0x00000000   Number         0  entry8a.o ABSOLUTE
    ../clib/microlib/init/entry.s            0x00000000   Number         0  entry8b.o ABSOLUTE
    ../clib/microlib/init/entry.s            0x00000000   Number         0  entry5.o ABSOLUTE
    ../clib/microlib/init/entry.s            0x00000000   Number         0  entry10a.o ABSOLUTE
    ../clib/microlib/init/entry.s            0x00000000   Number         0  entry10b.o ABSOLUTE
    ../clib/microlib/init/entry.s            0x00000000   Number         0  entry11a.o ABSOLUTE
    ../clib/microlib/init/entry.s            0x00000000   Number         0  entry7a.o ABSOLUTE
    ../clib/microlib/init/entry.s            0x00000000   Number         0  entry7b.o ABSOLUTE
    ../clib/microlib/init/entry.s            0x00000000   Number         0  entry9a.o ABSOLUTE
    ../clib/microlib/init/entry.s            0x00000000   Number         0  entry.o ABSOLUTE
    ../clib/microlib/init/entry.s            0x00000000   Number         0  entry2.o ABSOLUTE
    ../clib/microlib/init/entry.s            0x00000000   Number         0  entry11b.o ABSOLUTE
    ../clib/microlib/init/entry.s            0x00000000   Number         0  entry9b.o ABSOLUTE
    ../clib/microlib/longlong.c              0x00000000   Number         0  llsshr.o ABSOLUTE
    ../clib/microlib/longlong.c              0x00000000   Number         0  llushr.o ABSOLUTE
    ../clib/microlib/longlong.c              0x00000000   Number         0  llshl.o ABSOLUTE
    ../clib/microlib/printf/printf.c         0x00000000   Number         0  printfb.o ABSOLUTE
    ../clib/microlib/printf/printf.c         0x00000000   Number         0  printfa.o ABSOLUTE
    ../clib/microlib/printf/printf.c         0x00000000   Number         0  printf0.o ABSOLUTE
    ../clib/microlib/printf/printf.c         0x00000000   Number         0  printf8.o ABSOLUTE
    ../clib/microlib/printf/printf.c         0x00000000   Number         0  printf6.o ABSOLUTE
    ../clib/microlib/printf/printf.c         0x00000000   Number         0  printf2.o ABSOLUTE
    ../clib/microlib/printf/printf.c         0x00000000   Number         0  printf1.o ABSOLUTE
    ../clib/microlib/printf/printf.c         0x00000000   Number         0  printf7.o ABSOLUTE
    ../clib/microlib/printf/printf.c         0x00000000   Number         0  printf5.o ABSOLUTE
    ../clib/microlib/printf/printf.c         0x00000000   Number         0  printf4.o ABSOLUTE
    ../clib/microlib/printf/printf.c         0x00000000   Number         0  printf3.o ABSOLUTE
    ../clib/microlib/printf/stubs.s          0x00000000   Number         0  stubs.o ABSOLUTE
    ../clib/microlib/string/memset.c         0x00000000   Number         0  memseta.o ABSOLUTE
    ../clib/microlib/string/strlen.c         0x00000000   Number         0  strlen.o ABSOLUTE
    ../clib/microlib/string/strstr.c         0x00000000   Number         0  strstr.o ABSOLUTE
    ../clib/microlib/stubs.s                 0x00000000   Number         0  iusefp.o ABSOLUTE
    ../clib/microlib/stubs.s                 0x00000000   Number         0  useno.o ABSOLUTE
    ../fplib/microlib/fpadd.c                0x00000000   Number         0  dadd.o ABSOLUTE
    ../fplib/microlib/fpdiv.c                0x00000000   Number         0  ddiv.o ABSOLUTE
    ../fplib/microlib/fpepilogue.c           0x00000000   Number         0  depilogue.o ABSOLUTE
    ../fplib/microlib/fpfix.c                0x00000000   Number         0  dfixul.o ABSOLUTE
    ../fplib/microlib/fpmul.c                0x00000000   Number         0  dmul.o ABSOLUTE
    ..\Drivers\STM32F1xx_HAL_Driver\Src\stm32f1xx_hal.c 0x00000000   Number         0  stm32f1xx_hal.o ABSOLUTE
    ..\Drivers\STM32F1xx_HAL_Driver\Src\stm32f1xx_hal_cortex.c 0x00000000   Number         0  stm32f1xx_hal_cortex.o ABSOLUTE
    ..\Drivers\STM32F1xx_HAL_Driver\Src\stm32f1xx_hal_dma.c 0x00000000   Number         0  stm32f1xx_hal_dma.o ABSOLUTE
    ..\Drivers\STM32F1xx_HAL_Driver\Src\stm32f1xx_hal_exti.c 0x00000000   Number         0  stm32f1xx_hal_exti.o ABSOLUTE
    ..\Drivers\STM32F1xx_HAL_Driver\Src\stm32f1xx_hal_flash.c 0x00000000   Number         0  stm32f1xx_hal_flash.o ABSOLUTE
    ..\Drivers\STM32F1xx_HAL_Driver\Src\stm32f1xx_hal_flash_ex.c 0x00000000   Number         0  stm32f1xx_hal_flash_ex.o ABSOLUTE
    ..\Drivers\STM32F1xx_HAL_Driver\Src\stm32f1xx_hal_gpio.c 0x00000000   Number         0  stm32f1xx_hal_gpio.o ABSOLUTE
    ..\Drivers\STM32F1xx_HAL_Driver\Src\stm32f1xx_hal_gpio_ex.c 0x00000000   Number         0  stm32f1xx_hal_gpio_ex.o ABSOLUTE
    ..\Drivers\STM32F1xx_HAL_Driver\Src\stm32f1xx_hal_pwr.c 0x00000000   Number         0  stm32f1xx_hal_pwr.o ABSOLUTE
    ..\Drivers\STM32F1xx_HAL_Driver\Src\stm32f1xx_hal_rcc.c 0x00000000   Number         0  stm32f1xx_hal_rcc.o ABSOLUTE
    ..\Drivers\STM32F1xx_HAL_Driver\Src\stm32f1xx_hal_rcc_ex.c 0x00000000   Number         0  stm32f1xx_hal_rcc_ex.o ABSOLUTE
    ..\Drivers\STM32F1xx_HAL_Driver\Src\stm32f1xx_hal_tim.c 0x00000000   Number         0  stm32f1xx_hal_tim.o ABSOLUTE
    ..\Drivers\STM32F1xx_HAL_Driver\Src\stm32f1xx_hal_tim_ex.c 0x00000000   Number         0  stm32f1xx_hal_tim_ex.o ABSOLUTE
    ..\Drivers\STM32F1xx_HAL_Driver\Src\stm32f1xx_hal_uart.c 0x00000000   Number         0  stm32f1xx_hal_uart.o ABSOLUTE
    ..\Src\AS608.c                           0x00000000   Number         0  as608.o ABSOLUTE
    ..\Src\OLED.c                            0x00000000   Number         0  oled.o ABSOLUTE
    ..\Src\RC522.c                           0x00000000   Number         0  rc522.o ABSOLUTE
    ..\Src\Servo.c                           0x00000000   Number         0  servo.o ABSOLUTE
    ..\Src\gpio.c                            0x00000000   Number         0  gpio.o ABSOLUTE
    ..\Src\key.c                             0x00000000   Number         0  key.o ABSOLUTE
    ..\Src\main.c                            0x00000000   Number         0  main.o ABSOLUTE
    ..\Src\myflash.c                         0x00000000   Number         0  myflash.o ABSOLUTE
    ..\Src\stm32f1xx_hal_msp.c               0x00000000   Number         0  stm32f1xx_hal_msp.o ABSOLUTE
    ..\Src\stm32f1xx_it.c                    0x00000000   Number         0  stm32f1xx_it.o ABSOLUTE
    ..\Src\system_stm32f1xx.c                0x00000000   Number         0  system_stm32f1xx.o ABSOLUTE
    ..\Src\tim.c                             0x00000000   Number         0  tim.o ABSOLUTE
    ..\Src\usart.c                           0x00000000   Number         0  usart.o ABSOLUTE
    ..\\Src\\AS608.c                         0x00000000   Number         0  as608.o ABSOLUTE
    ..\\Src\\OLED.c                          0x00000000   Number         0  oled.o ABSOLUTE
    ..\\Src\\RC522.c                         0x00000000   Number         0  rc522.o ABSOLUTE
    ..\\Src\\Servo.c                         0x00000000   Number         0  servo.o ABSOLUTE
    ..\\Src\\key.c                           0x00000000   Number         0  key.o ABSOLUTE
    ..\\Src\\myflash.c                       0x00000000   Number         0  myflash.o ABSOLUTE
    ..\\Src\\tim.c                           0x00000000   Number         0  tim.o ABSOLUTE
    cdrcmple.s                               0x00000000   Number         0  cdrcmple.o ABSOLUTE
    dc.s                                     0x00000000   Number         0  dc.o ABSOLUTE
    handlers.s                               0x00000000   Number         0  handlers.o ABSOLUTE
    init.s                                   0x00000000   Number         0  init.o ABSOLUTE
    startup_stm32f103xe.s                    0x00000000   Number         0  startup_stm32f103xe.o ABSOLUTE
    RESET                                    0x08000000   Section      304  startup_stm32f103xe.o(RESET)
    .ARM.Collect$$$$00000000                 0x08000130   Section        0  entry.o(.ARM.Collect$$$$00000000)
    .ARM.Collect$$$$00000001                 0x08000130   Section        4  entry2.o(.ARM.Collect$$$$00000001)
    .ARM.Collect$$$$00000004                 0x08000134   Section        4  entry5.o(.ARM.Collect$$$$00000004)
    .ARM.Collect$$$$00000008                 0x08000138   Section        0  entry7b.o(.ARM.Collect$$$$00000008)
    .ARM.Collect$$$$0000000A                 0x08000138   Section        0  entry8b.o(.ARM.Collect$$$$0000000A)
    .ARM.Collect$$$$0000000B                 0x08000138   Section        8  entry9a.o(.ARM.Collect$$$$0000000B)
    .ARM.Collect$$$$0000000D                 0x08000140   Section        0  entry10a.o(.ARM.Collect$$$$0000000D)
    .ARM.Collect$$$$0000000F                 0x08000140   Section        0  entry11a.o(.ARM.Collect$$$$0000000F)
    .ARM.Collect$$$$00002712                 0x08000140   Section        4  entry2.o(.ARM.Collect$$$$00002712)
    __lit__00000000                          0x08000140   Data           4  entry2.o(.ARM.Collect$$$$00002712)
    .text                                    0x08000144   Section       36  startup_stm32f103xe.o(.text)
    .text                                    0x08000168   Section        0  llushr.o(.text)
    .text                                    0x08000188   Section        0  memseta.o(.text)
    .text                                    0x080001ac   Section        0  strstr.o(.text)
    .text                                    0x080001d0   Section        0  strlen.o(.text)
    .text                                    0x080001de   Section        0  uldiv.o(.text)
    .text                                    0x08000240   Section       36  init.o(.text)
    .text                                    0x08000264   Section        0  llshl.o(.text)
    i.Add_Card_Flash                         0x08000284   Section        0  main.o(i.Add_Card_Flash)
    i.BusFault_Handler                       0x08000308   Section        0  stm32f1xx_it.o(i.BusFault_Handler)
    i.Buzzer_Init                            0x0800030c   Section        0  main.o(i.Buzzer_Init)
    i.ClearBitMask                           0x08000368   Section        0  rc522.o(i.ClearBitMask)
    i.Com_SendData                           0x08000384   Section        0  as608.o(i.Com_SendData)
    Com_SendData                             0x08000385   Thumb Code    16  as608.o(i.Com_SendData)
    i.ControlServo                           0x08000398   Section        0  servo.o(i.ControlServo)
    i.DebugMon_Handler                       0x080003b8   Section        0  stm32f1xx_it.o(i.DebugMon_Handler)
    i.Del_FR                                 0x080003bc   Section        0  main.o(i.Del_FR)
    i.Error_Handler                          0x080003d0   Section        0  main.o(i.Error_Handler)
    i.FLASH_MassErase                        0x080003d4   Section        0  stm32f1xx_hal_flash_ex.o(i.FLASH_MassErase)
    FLASH_MassErase                          0x080003d5   Thumb Code    30  stm32f1xx_hal_flash_ex.o(i.FLASH_MassErase)
    i.FLASH_PageErase                        0x080003fc   Section        0  stm32f1xx_hal_flash_ex.o(i.FLASH_PageErase)
    i.FLASH_Program_HalfWord                 0x08000424   Section        0  stm32f1xx_hal_flash.o(i.FLASH_Program_HalfWord)
    FLASH_Program_HalfWord                   0x08000425   Thumb Code    22  stm32f1xx_hal_flash.o(i.FLASH_Program_HalfWord)
    i.FLASH_SetErrorCode                     0x08000444   Section        0  stm32f1xx_hal_flash.o(i.FLASH_SetErrorCode)
    FLASH_SetErrorCode                       0x08000445   Thumb Code   124  stm32f1xx_hal_flash.o(i.FLASH_SetErrorCode)
    i.FLASH_WaitForLastOperation             0x080004c8   Section        0  stm32f1xx_hal_flash.o(i.FLASH_WaitForLastOperation)
    i.GZ_DeletChar                           0x08000538   Section        0  as608.o(i.GZ_DeletChar)
    i.GZ_GenChar                             0x080005a4   Section        0  as608.o(i.GZ_GenChar)
    i.GZ_GetImage                            0x080005ea   Section        0  as608.o(i.GZ_GetImage)
    i.GZ_HandShake                           0x08000624   Section        0  as608.o(i.GZ_HandShake)
    i.GZ_HighSpeedSearch                     0x0800069c   Section        0  as608.o(i.GZ_HighSpeedSearch)
    i.GZ_Match                               0x08000758   Section        0  as608.o(i.GZ_Match)
    i.GZ_RegModel                            0x08000792   Section        0  as608.o(i.GZ_RegModel)
    i.GZ_StoreChar                           0x080007cc   Section        0  as608.o(i.GZ_StoreChar)
    i.GZ_ValidTempleteNum                    0x0800082c   Section        0  as608.o(i.GZ_ValidTempleteNum)
    i.HAL_DMA_Abort                          0x08000876   Section        0  stm32f1xx_hal_dma.o(i.HAL_DMA_Abort)
    i.HAL_DMA_Abort_IT                       0x080008cc   Section        0  stm32f1xx_hal_dma.o(i.HAL_DMA_Abort_IT)
    i.HAL_Delay                              0x08000a74   Section        0  stm32f1xx_hal.o(i.HAL_Delay)
    i.HAL_FLASHEx_Erase                      0x08000a9c   Section        0  stm32f1xx_hal_flash_ex.o(i.HAL_FLASHEx_Erase)
    i.HAL_FLASH_Lock                         0x08000b4c   Section        0  stm32f1xx_hal_flash.o(i.HAL_FLASH_Lock)
    i.HAL_FLASH_Program                      0x08000b60   Section        0  stm32f1xx_hal_flash.o(i.HAL_FLASH_Program)
    i.HAL_FLASH_Unlock                       0x08000c10   Section        0  stm32f1xx_hal_flash.o(i.HAL_FLASH_Unlock)
    i.HAL_GPIO_Init                          0x08000c40   Section        0  stm32f1xx_hal_gpio.o(i.HAL_GPIO_Init)
    i.HAL_GPIO_ReadPin                       0x08000f80   Section        0  stm32f1xx_hal_gpio.o(i.HAL_GPIO_ReadPin)
    i.HAL_GPIO_WritePin                      0x08000f90   Section        0  stm32f1xx_hal_gpio.o(i.HAL_GPIO_WritePin)
    i.HAL_GetTick                            0x08000f9c   Section        0  stm32f1xx_hal.o(i.HAL_GetTick)
    i.HAL_IncTick                            0x08000fa8   Section        0  stm32f1xx_hal.o(i.HAL_IncTick)
    i.HAL_Init                               0x08000fc0   Section        0  stm32f1xx_hal.o(i.HAL_Init)
    i.HAL_InitTick                           0x08000fe8   Section        0  stm32f1xx_hal.o(i.HAL_InitTick)
    i.HAL_MspInit                            0x08001034   Section        0  stm32f1xx_hal_msp.o(i.HAL_MspInit)
    i.HAL_NVIC_EnableIRQ                     0x08001088   Section        0  stm32f1xx_hal_cortex.o(i.HAL_NVIC_EnableIRQ)
    i.HAL_NVIC_SetPriority                   0x080010a8   Section        0  stm32f1xx_hal_cortex.o(i.HAL_NVIC_SetPriority)
    i.HAL_NVIC_SetPriorityGrouping           0x08001124   Section        0  stm32f1xx_hal_cortex.o(i.HAL_NVIC_SetPriorityGrouping)
    i.HAL_RCC_ClockConfig                    0x0800114c   Section        0  stm32f1xx_hal_rcc.o(i.HAL_RCC_ClockConfig)
    i.HAL_RCC_GetHCLKFreq                    0x080012d8   Section        0  stm32f1xx_hal_rcc.o(i.HAL_RCC_GetHCLKFreq)
    i.HAL_RCC_GetPCLK1Freq                   0x080012e4   Section        0  stm32f1xx_hal_rcc.o(i.HAL_RCC_GetPCLK1Freq)
    i.HAL_RCC_GetPCLK2Freq                   0x08001304   Section        0  stm32f1xx_hal_rcc.o(i.HAL_RCC_GetPCLK2Freq)
    i.HAL_RCC_GetSysClockFreq                0x08001324   Section        0  stm32f1xx_hal_rcc.o(i.HAL_RCC_GetSysClockFreq)
    i.HAL_RCC_OscConfig                      0x080013b8   Section        0  stm32f1xx_hal_rcc.o(i.HAL_RCC_OscConfig)
    i.HAL_SYSTICK_Config                     0x0800181c   Section        0  stm32f1xx_hal_cortex.o(i.HAL_SYSTICK_Config)
    i.HAL_TIMEx_MasterConfigSynchronization  0x08001850   Section        0  stm32f1xx_hal_tim_ex.o(i.HAL_TIMEx_MasterConfigSynchronization)
    i.HAL_TIM_MspPostInit                    0x080018ec   Section        0  tim.o(i.HAL_TIM_MspPostInit)
    i.HAL_TIM_PWM_ConfigChannel              0x08001944   Section        0  stm32f1xx_hal_tim.o(i.HAL_TIM_PWM_ConfigChannel)
    i.HAL_TIM_PWM_Init                       0x08001a40   Section        0  stm32f1xx_hal_tim.o(i.HAL_TIM_PWM_Init)
    i.HAL_TIM_PWM_MspInit                    0x08001aa8   Section        0  tim.o(i.HAL_TIM_PWM_MspInit)
    i.HAL_TIM_PWM_Start                      0x08001ad8   Section        0  stm32f1xx_hal_tim.o(i.HAL_TIM_PWM_Start)
    i.HAL_UARTEx_RxEventCallback             0x08001bcc   Section        0  stm32f1xx_hal_uart.o(i.HAL_UARTEx_RxEventCallback)
    i.HAL_UART_AbortReceiveCpltCallback      0x08001bce   Section        0  stm32f1xx_hal_uart.o(i.HAL_UART_AbortReceiveCpltCallback)
    i.HAL_UART_AbortReceive_IT               0x08001bd0   Section        0  stm32f1xx_hal_uart.o(i.HAL_UART_AbortReceive_IT)
    i.HAL_UART_ErrorCallback                 0x08001c60   Section        0  usart.o(i.HAL_UART_ErrorCallback)
    i.HAL_UART_IRQHandler                    0x08001c9c   Section        0  stm32f1xx_hal_uart.o(i.HAL_UART_IRQHandler)
    i.HAL_UART_Init                          0x08001ee8   Section        0  stm32f1xx_hal_uart.o(i.HAL_UART_Init)
    i.HAL_UART_MspInit                       0x08001f5c   Section        0  usart.o(i.HAL_UART_MspInit)
    i.HAL_UART_Receive_IT                    0x08002168   Section        0  stm32f1xx_hal_uart.o(i.HAL_UART_Receive_IT)
    i.HAL_UART_RxCpltCallback                0x080021aa   Section        0  usart.o(i.HAL_UART_RxCpltCallback)
    i.HAL_UART_Transmit                      0x080021ac   Section        0  stm32f1xx_hal_uart.o(i.HAL_UART_Transmit)
    i.HAL_UART_TxCpltCallback                0x0800227e   Section        0  stm32f1xx_hal_uart.o(i.HAL_UART_TxCpltCallback)
    i.HardFault_Handler                      0x08002280   Section        0  stm32f1xx_it.o(i.HardFault_Handler)
    i.Host_SendCardEvent                     0x08002284   Section        0  main.o(i.Host_SendCardEvent)
    i.Host_SendFaceFail                      0x080022b4   Section        0  main.o(i.Host_SendFaceFail)
    i.Host_SendFaceOk                        0x080022e0   Section        0  main.o(i.Host_SendFaceOk)
    i.Host_SendFingerEvent                   0x0800230c   Section        0  main.o(i.Host_SendFingerEvent)
    i.Host_SendText                          0x08002334   Section        0  main.o(i.Host_SendText)
    i.JudgeStr                               0x080023e4   Section        0  as608.o(i.JudgeStr)
    JudgeStr                                 0x080023e5   Thumb Code   114  as608.o(i.JudgeStr)
    i.Key_Init                               0x08002464   Section        0  key.o(i.Key_Init)
    i.Key_Scan                               0x080024b0   Section        0  key.o(i.Key_Scan)
    i.M500PcdConfigISOType                   0x08002564   Section        0  rc522.o(i.M500PcdConfigISOType)
    i.MX_GPIO_Init                           0x080025c0   Section        0  gpio.o(i.MX_GPIO_Init)
    i.MX_TIM4_Init                           0x08002618   Section        0  tim.o(i.MX_TIM4_Init)
    i.MX_UART4_Init                          0x08002694   Section        0  usart.o(i.MX_UART4_Init)
    i.MX_UART5_Init                          0x080026f0   Section        0  usart.o(i.MX_UART5_Init)
    i.MX_USART2_UART_Init                    0x08002728   Section        0  usart.o(i.MX_USART2_UART_Init)
    i.MX_USART3_UART_Init                    0x08002780   Section        0  usart.o(i.MX_USART3_UART_Init)
    i.MemManage_Handler                      0x080027b8   Section        0  stm32f1xx_it.o(i.MemManage_Handler)
    i.NMI_Handler                            0x080027bc   Section        0  stm32f1xx_it.o(i.NMI_Handler)
    i.OLED_Clear                             0x080027be   Section        0  oled.o(i.OLED_Clear)
    i.OLED_I2C_Init                          0x080027e8   Section        0  oled.o(i.OLED_I2C_Init)
    i.OLED_I2C_SendByte                      0x08002840   Section        0  oled.o(i.OLED_I2C_SendByte)
    i.OLED_I2C_Start                         0x08002876   Section        0  oled.o(i.OLED_I2C_Start)
    i.OLED_I2C_Stop                          0x08002892   Section        0  oled.o(i.OLED_I2C_Stop)
    i.OLED_Init                              0x080028a8   Section        0  oled.o(i.OLED_Init)
    i.OLED_Pow                               0x08002956   Section        0  oled.o(i.OLED_Pow)
    i.OLED_SetCursor                         0x0800296a   Section        0  oled.o(i.OLED_SetCursor)
    i.OLED_ShowChar                          0x0800298c   Section        0  oled.o(i.OLED_ShowChar)
    i.OLED_ShowNum                           0x08002a00   Section        0  oled.o(i.OLED_ShowNum)
    i.OLED_ShowString                        0x08002a44   Section        0  oled.o(i.OLED_ShowString)
    i.OLED_W_SCL                             0x08002a6c   Section        0  oled.o(i.OLED_W_SCL)
    i.OLED_W_SDA                             0x08002a90   Section        0  oled.o(i.OLED_W_SDA)
    i.OLED_WriteCommand                      0x08002ab4   Section        0  oled.o(i.OLED_WriteCommand)
    i.OLED_WriteData                         0x08002ad4   Section        0  oled.o(i.OLED_WriteData)
    i.PcdAntennaOff                          0x08002af4   Section        0  rc522.o(i.PcdAntennaOff)
    i.PcdAntennaOn                           0x08002b00   Section        0  rc522.o(i.PcdAntennaOn)
    i.PcdAnticoll                            0x08002b1a   Section        0  rc522.o(i.PcdAnticoll)
    i.PcdComMF522                            0x08002b8a   Section        0  rc522.o(i.PcdComMF522)
    i.PcdInit                                0x08002cbc   Section        0  rc522.o(i.PcdInit)
    i.PcdRequest                             0x08002db8   Section        0  rc522.o(i.PcdRequest)
    i.PcdReset                               0x08002e0c   Section        0  rc522.o(i.PcdReset)
    i.PendSV_Handler                         0x08002e84   Section        0  stm32f1xx_it.o(i.PendSV_Handler)
    i.RCC_Delay                              0x08002e88   Section        0  stm32f1xx_hal_rcc.o(i.RCC_Delay)
    RCC_Delay                                0x08002e89   Thumb Code    36  stm32f1xx_hal_rcc.o(i.RCC_Delay)
    i.RFID_Init                              0x08002eb0   Section        0  rc522.o(i.RFID_Init)
    i.ReadRawRC                              0x08002ecc   Section        0  rc522.o(i.ReadRawRC)
    i.Read_Card_Flash                        0x08002f84   Section        0  main.o(i.Read_Card_Flash)
    i.SVC_Handler                            0x08003044   Section        0  stm32f1xx_it.o(i.SVC_Handler)
    i.SendAddr                               0x08003048   Section        0  as608.o(i.SendAddr)
    SendAddr                                 0x08003049   Thumb Code    46  as608.o(i.SendAddr)
    i.SendCheck                              0x0800307c   Section        0  as608.o(i.SendCheck)
    SendCheck                                0x0800307d   Thumb Code    18  as608.o(i.SendCheck)
    i.SendFlag                               0x0800308e   Section        0  as608.o(i.SendFlag)
    SendFlag                                 0x0800308f   Thumb Code    12  as608.o(i.SendFlag)
    i.SendHead                               0x0800309a   Section        0  as608.o(i.SendHead)
    SendHead                                 0x0800309b   Thumb Code    16  as608.o(i.SendHead)
    i.SendLength                             0x080030aa   Section        0  as608.o(i.SendLength)
    SendLength                               0x080030ab   Thumb Code    20  as608.o(i.SendLength)
    i.Sendcmd                                0x080030be   Section        0  as608.o(i.Sendcmd)
    Sendcmd                                  0x080030bf   Thumb Code    12  as608.o(i.Sendcmd)
    i.Servo_Init                             0x080030cc   Section        0  servo.o(i.Servo_Init)
    i.SetBitMask                             0x080030e4   Section        0  rc522.o(i.SetBitMask)
    i.SysTick_Handler                        0x08003100   Section        0  stm32f1xx_it.o(i.SysTick_Handler)
    i.SystemClock_Config                     0x08003108   Section        0  main.o(i.SystemClock_Config)
    i.SystemInit                             0x08003170   Section        0  system_stm32f1xx.o(i.SystemInit)
    i.TIM_Base_SetConfig                     0x080031c8   Section        0  stm32f1xx_hal_tim.o(i.TIM_Base_SetConfig)
    i.TIM_CCxChannelCmd                      0x08003264   Section        0  stm32f1xx_hal_tim.o(i.TIM_CCxChannelCmd)
    i.TIM_OC1_SetConfig                      0x08003288   Section        0  stm32f1xx_hal_tim.o(i.TIM_OC1_SetConfig)
    TIM_OC1_SetConfig                        0x08003289   Thumb Code   104  stm32f1xx_hal_tim.o(i.TIM_OC1_SetConfig)
    i.TIM_OC2_SetConfig                      0x080032f8   Section        0  stm32f1xx_hal_tim.o(i.TIM_OC2_SetConfig)
    i.TIM_OC3_SetConfig                      0x08003374   Section        0  stm32f1xx_hal_tim.o(i.TIM_OC3_SetConfig)
    TIM_OC3_SetConfig                        0x08003375   Thumb Code   112  stm32f1xx_hal_tim.o(i.TIM_OC3_SetConfig)
    i.TIM_OC4_SetConfig                      0x080033ec   Section        0  stm32f1xx_hal_tim.o(i.TIM_OC4_SetConfig)
    TIM_OC4_SetConfig                        0x080033ed   Thumb Code    74  stm32f1xx_hal_tim.o(i.TIM_OC4_SetConfig)
    i.TX510_ParseByte                        0x08003440   Section        0  usart.o(i.TX510_ParseByte)
    TX510_ParseByte                          0x08003441   Thumb Code   318  usart.o(i.TX510_ParseByte)
    i.UART4_IRQHandler                       0x08003594   Section        0  stm32f1xx_it.o(i.UART4_IRQHandler)
    i.UART_DMAAbortOnError                   0x080035b4   Section        0  stm32f1xx_hal_uart.o(i.UART_DMAAbortOnError)
    UART_DMAAbortOnError                     0x080035b5   Thumb Code    20  stm32f1xx_hal_uart.o(i.UART_DMAAbortOnError)
    i.UART_DMARxOnlyAbortCallback            0x080035c8   Section        0  stm32f1xx_hal_uart.o(i.UART_DMARxOnlyAbortCallback)
    UART_DMARxOnlyAbortCallback              0x080035c9   Thumb Code    28  stm32f1xx_hal_uart.o(i.UART_DMARxOnlyAbortCallback)
    i.UART_EndRxTransfer                     0x080035e4   Section        0  stm32f1xx_hal_uart.o(i.UART_EndRxTransfer)
    UART_EndRxTransfer                       0x080035e5   Thumb Code    54  stm32f1xx_hal_uart.o(i.UART_EndRxTransfer)
    i.UART_EndTransmit_IT                    0x0800361a   Section        0  stm32f1xx_hal_uart.o(i.UART_EndTransmit_IT)
    UART_EndTransmit_IT                      0x0800361b   Thumb Code    32  stm32f1xx_hal_uart.o(i.UART_EndTransmit_IT)
    i.UART_Receive_IT                        0x0800363a   Section        0  stm32f1xx_hal_uart.o(i.UART_Receive_IT)
    UART_Receive_IT                          0x0800363b   Thumb Code   228  stm32f1xx_hal_uart.o(i.UART_Receive_IT)
    i.UART_SetConfig                         0x08003720   Section        0  stm32f1xx_hal_uart.o(i.UART_SetConfig)
    UART_SetConfig                           0x08003721   Thumb Code   248  stm32f1xx_hal_uart.o(i.UART_SetConfig)
    i.UART_Start_Receive_IT                  0x0800381c   Section        0  stm32f1xx_hal_uart.o(i.UART_Start_Receive_IT)
    i.UART_Transmit_IT                       0x0800386e   Section        0  stm32f1xx_hal_uart.o(i.UART_Transmit_IT)
    UART_Transmit_IT                         0x0800386f   Thumb Code    96  stm32f1xx_hal_uart.o(i.UART_Transmit_IT)
    i.UART_WaitOnFlagUntilTimeout            0x080038ce   Section        0  stm32f1xx_hal_uart.o(i.UART_WaitOnFlagUntilTimeout)
    UART_WaitOnFlagUntilTimeout              0x080038cf   Thumb Code   108  stm32f1xx_hal_uart.o(i.UART_WaitOnFlagUntilTimeout)
    i.UID_ToString                           0x0800393c   Section        0  main.o(i.UID_ToString)
    i.USART2_IRQHandler                      0x0800396c   Section        0  usart.o(i.USART2_IRQHandler)
    i.UsageFault_Handler                     0x080039cc   Section        0  stm32f1xx_it.o(i.UsageFault_Handler)
    i.UsartReceive_IDLE                      0x080039d0   Section        0  usart.o(i.UsartReceive_IDLE)
    i.WriteRawRC                             0x08003a1c   Section        0  rc522.o(i.WriteRawRC)
    i.__0printf$8                            0x08003ae4   Section        0  printf8.o(i.__0printf$8)
    i.__0sprintf$8                           0x08003b04   Section        0  printf8.o(i.__0sprintf$8)
    i.__NVIC_GetPriorityGrouping             0x08003b2c   Section        0  stm32f1xx_hal_cortex.o(i.__NVIC_GetPriorityGrouping)
    __NVIC_GetPriorityGrouping               0x08003b2d   Thumb Code    10  stm32f1xx_hal_cortex.o(i.__NVIC_GetPriorityGrouping)
    i.__NVIC_SetPriority                     0x08003b3c   Section        0  stm32f1xx_hal_cortex.o(i.__NVIC_SetPriority)
    __NVIC_SetPriority                       0x08003b3d   Thumb Code    32  stm32f1xx_hal_cortex.o(i.__NVIC_SetPriority)
    i.__scatterload_copy                     0x08003b64   Section       14  handlers.o(i.__scatterload_copy)
    i.__scatterload_null                     0x08003b72   Section        2  handlers.o(i.__scatterload_null)
    i.__scatterload_zeroinit                 0x08003b74   Section       14  handlers.o(i.__scatterload_zeroinit)
    i._printf_core                           0x08003b84   Section        0  printf8.o(i._printf_core)
    _printf_core                             0x08003b85   Thumb Code   996  printf8.o(i._printf_core)
    i._printf_post_padding                   0x08003f94   Section        0  printf8.o(i._printf_post_padding)
    _printf_post_padding                     0x08003f95   Thumb Code    36  printf8.o(i._printf_post_padding)
    i._printf_pre_padding                    0x08003fb8   Section        0  printf8.o(i._printf_pre_padding)
    _printf_pre_padding                      0x08003fb9   Thumb Code    46  printf8.o(i._printf_pre_padding)
    i._sputc                                 0x08003fe6   Section        0  printf8.o(i._sputc)
    _sputc                                   0x08003fe7   Thumb Code    10  printf8.o(i._sputc)
    i.delay_10ms                             0x08003ff0   Section        0  rc522.o(i.delay_10ms)
    i.fputc                                  0x0800400c   Section        0  usart.o(i.fputc)
    i.main                                   0x08004028   Section        0  main.o(i.main)
    i.press_FR                               0x08004f48   Section        0  main.o(i.press_FR)
    i.stmflash_read                          0x08005028   Section        0  myflash.o(i.stmflash_read)
    i.stmflash_read_halfword                 0x0800504a   Section        0  myflash.o(i.stmflash_read_halfword)
    i.stmflash_write                         0x08005050   Section        0  myflash.o(i.stmflash_write)
    i.stmflash_write_nocheck                 0x08005148   Section        0  myflash.o(i.stmflash_write_nocheck)
    .constdata                               0x08005174   Section     1520  oled.o(.constdata)
    .constdata                               0x08005764   Section       24  system_stm32f1xx.o(.constdata)
    .data                                    0x20000000   Section       12  main.o(.data)
    menu_page                                0x20000008   Data           1  main.o(.data)
    keynum                                   0x20000009   Data           1  main.o(.data)
    menu_select                              0x2000000a   Data           1  main.o(.data)
    ID_select                                0x2000000b   Data           1  main.o(.data)
    .data                                    0x2000000c   Section        8  usart.o(.data)
    tx510_idx                                0x20000012   Data           1  usart.o(.data)
    .data                                    0x20000014   Section        4  as608.o(.data)
    .data                                    0x20000018   Section       24  rc522.o(.data)
    .data                                    0x20000030   Section        9  stm32f1xx_hal.o(.data)
    .data                                    0x2000003c   Section        4  system_stm32f1xx.o(.data)
    .bss                                     0x20000040   Section      988  usart.o(.bss)
    tx510_frame                              0x20000108   Data          16  usart.o(.bss)
    .bss                                     0x2000041c   Section     1034  myflash.o(.bss)
    .bss                                     0x20000828   Section       72  tim.o(.bss)
    .bss                                     0x20000870   Section       32  stm32f1xx_hal_flash.o(.bss)
    STACK                                    0x20000890   Section     1024  startup_stm32f103xe.o(STACK)

    Global Symbols

    Symbol Name                              Value     Ov Type        Size  Object(Section)

    BuildAttributes$$THM_ISAv4$P$D$K$B$S$PE$A:L22UL41UL21$X:L11$S22US41US21$IEEE1$IW$USESV6$~STKCKD$USESV7$~SHL$OSPACE$ROPI$EBA8$MICROLIB$REQ8$PRES8$EABIv2 0x00000000   Number         0  anon$$obj.o ABSOLUTE
    __ARM_use_no_argv                        0x00000000   Number         0  main.o ABSOLUTE
    __use_no_errno                           0x00000000   Number         0  useno.o ABSOLUTE
    __use_no_exception_handling              0x00000000   Number         0  useno.o ABSOLUTE
    __use_no_fp                              0x00000000   Number         0  useno.o ABSOLUTE
    __use_no_heap                            0x00000000   Number         0  useno.o ABSOLUTE
    __use_no_heap_region                     0x00000000   Number         0  useno.o ABSOLUTE
    __use_no_semihosting                     0x00000000   Number         0  useno.o ABSOLUTE
    __use_no_semihosting_swi                 0x00000000   Number         0  useno.o ABSOLUTE
    __use_no_signal_handling                 0x00000000   Number         0  useno.o ABSOLUTE
    _printf_a                                0x00000000   Number         0  stubs.o ABSOLUTE
    _printf_c                                0x00000000   Number         0  stubs.o ABSOLUTE
    _printf_charcount                        0x00000000   Number         0  stubs.o ABSOLUTE
    _printf_d                                0x00000000   Number         0  stubs.o ABSOLUTE
    _printf_e                                0x00000000   Number         0  stubs.o ABSOLUTE
    _printf_f                                0x00000000   Number         0  stubs.o ABSOLUTE
    _printf_flags                            0x00000000   Number         0  stubs.o ABSOLUTE
    _printf_fp_dec                           0x00000000   Number         0  stubs.o ABSOLUTE
    _printf_fp_hex                           0x00000000   Number         0  stubs.o ABSOLUTE
    _printf_g                                0x00000000   Number         0  stubs.o ABSOLUTE
    _printf_i                                0x00000000   Number         0  stubs.o ABSOLUTE
    _printf_int_dec                          0x00000000   Number         0  stubs.o ABSOLUTE
    _printf_l                                0x00000000   Number         0  stubs.o ABSOLUTE
    _printf_lc                               0x00000000   Number         0  stubs.o ABSOLUTE
    _printf_ll                               0x00000000   Number         0  stubs.o ABSOLUTE
    _printf_lld                              0x00000000   Number         0  stubs.o ABSOLUTE
    _printf_lli                              0x00000000   Number         0  stubs.o ABSOLUTE
    _printf_llo                              0x00000000   Number         0  stubs.o ABSOLUTE
    _printf_llu                              0x00000000   Number         0  stubs.o ABSOLUTE
    _printf_llx                              0x00000000   Number         0  stubs.o ABSOLUTE
    _printf_longlong_dec                     0x00000000   Number         0  stubs.o ABSOLUTE
    _printf_longlong_hex                     0x00000000   Number         0  stubs.o ABSOLUTE
    _printf_longlong_oct                     0x00000000   Number         0  stubs.o ABSOLUTE
    _printf_ls                               0x00000000   Number         0  stubs.o ABSOLUTE
    _printf_mbtowc                           0x00000000   Number         0  stubs.o ABSOLUTE
    _printf_n                                0x00000000   Number         0  stubs.o ABSOLUTE
    _printf_o                                0x00000000   Number         0  stubs.o ABSOLUTE
    _printf_p                                0x00000000   Number         0  stubs.o ABSOLUTE
    _printf_percent                          0x00000000   Number         0  stubs.o ABSOLUTE
    _printf_pre_padding                      0x00000000   Number         0  stubs.o ABSOLUTE
    _printf_return_value                     0x00000000   Number         0  stubs.o ABSOLUTE
    _printf_s                                0x00000000   Number         0  stubs.o ABSOLUTE
    _printf_sizespec                         0x00000000   Number         0  stubs.o ABSOLUTE
    _printf_str                              0x00000000   Number         0  stubs.o ABSOLUTE
    _printf_truncate_signed                  0x00000000   Number         0  stubs.o ABSOLUTE
    _printf_truncate_unsigned                0x00000000   Number         0  stubs.o ABSOLUTE
    _printf_u                                0x00000000   Number         0  stubs.o ABSOLUTE
    _printf_wc                               0x00000000   Number         0  stubs.o ABSOLUTE
    _printf_wctomb                           0x00000000   Number         0  stubs.o ABSOLUTE
    _printf_widthprec                        0x00000000   Number         0  stubs.o ABSOLUTE
    _printf_x                                0x00000000   Number         0  stubs.o ABSOLUTE
    __cpp_initialize__aeabi_                  - Undefined Weak Reference
    __cxa_finalize                            - Undefined Weak Reference
    __decompress                              - Undefined Weak Reference
    _clock_init                               - Undefined Weak Reference
    _microlib_exit                            - Undefined Weak Reference
    __Vectors_Size                           0x00000130   Number         0  startup_stm32f103xe.o ABSOLUTE
    __Vectors                                0x08000000   Data           4  startup_stm32f103xe.o(RESET)
    __Vectors_End                            0x08000130   Data           0  startup_stm32f103xe.o(RESET)
    __main                                   0x08000131   Thumb Code     0  entry.o(.ARM.Collect$$$$00000000)
    _main_stk                                0x08000131   Thumb Code     0  entry2.o(.ARM.Collect$$$$00000001)
    _main_scatterload                        0x08000135   Thumb Code     0  entry5.o(.ARM.Collect$$$$00000004)
    __main_after_scatterload                 0x08000139   Thumb Code     0  entry5.o(.ARM.Collect$$$$00000004)
    _main_clock                              0x08000139   Thumb Code     0  entry7b.o(.ARM.Collect$$$$00000008)
    _main_cpp_init                           0x08000139   Thumb Code     0  entry8b.o(.ARM.Collect$$$$0000000A)
    _main_init                               0x08000139   Thumb Code     0  entry9a.o(.ARM.Collect$$$$0000000B)
    __rt_final_cpp                           0x08000141   Thumb Code     0  entry10a.o(.ARM.Collect$$$$0000000D)
    __rt_final_exit                          0x08000141   Thumb Code     0  entry11a.o(.ARM.Collect$$$$0000000F)
    Reset_Handler                            0x08000145   Thumb Code     8  startup_stm32f103xe.o(.text)
    ADC1_2_IRQHandler                        0x0800015f   Thumb Code     0  startup_stm32f103xe.o(.text)
    ADC3_IRQHandler                          0x0800015f   Thumb Code     0  startup_stm32f103xe.o(.text)
    CAN1_RX1_IRQHandler                      0x0800015f   Thumb Code     0  startup_stm32f103xe.o(.text)
    CAN1_SCE_IRQHandler                      0x0800015f   Thumb Code     0  startup_stm32f103xe.o(.text)
    DMA1_Channel1_IRQHandler                 0x0800015f   Thumb Code     0  startup_stm32f103xe.o(.text)
    DMA1_Channel2_IRQHandler                 0x0800015f   Thumb Code     0  startup_stm32f103xe.o(.text)
    DMA1_Channel3_IRQHandler                 0x0800015f   Thumb Code     0  startup_stm32f103xe.o(.text)
    DMA1_Channel4_IRQHandler                 0x0800015f   Thumb Code     0  startup_stm32f103xe.o(.text)
    DMA1_Channel5_IRQHandler                 0x0800015f   Thumb Code     0  startup_stm32f103xe.o(.text)
    DMA1_Channel6_IRQHandler                 0x0800015f   Thumb Code     0  startup_stm32f103xe.o(.text)
    DMA1_Channel7_IRQHandler                 0x0800015f   Thumb Code     0  startup_stm32f103xe.o(.text)
    DMA2_Channel1_IRQHandler                 0x0800015f   Thumb Code     0  startup_stm32f103xe.o(.text)
    DMA2_Channel2_IRQHandler                 0x0800015f   Thumb Code     0  startup_stm32f103xe.o(.text)
    DMA2_Channel3_IRQHandler                 0x0800015f   Thumb Code     0  startup_stm32f103xe.o(.text)
    DMA2_Channel4_5_IRQHandler               0x0800015f   Thumb Code     0  startup_stm32f103xe.o(.text)
    EXTI0_IRQHandler                         0x0800015f   Thumb Code     0  startup_stm32f103xe.o(.text)
    EXTI15_10_IRQHandler                     0x0800015f   Thumb Code     0  startup_stm32f103xe.o(.text)
    EXTI1_IRQHandler                         0x0800015f   Thumb Code     0  startup_stm32f103xe.o(.text)
    EXTI2_IRQHandler                         0x0800015f   Thumb Code     0  startup_stm32f103xe.o(.text)
    EXTI3_IRQHandler                         0x0800015f   Thumb Code     0  startup_stm32f103xe.o(.text)
    EXTI4_IRQHandler                         0x0800015f   Thumb Code     0  startup_stm32f103xe.o(.text)
    EXTI9_5_IRQHandler                       0x0800015f   Thumb Code     0  startup_stm32f103xe.o(.text)
    FLASH_IRQHandler                         0x0800015f   Thumb Code     0  startup_stm32f103xe.o(.text)
    FSMC_IRQHandler                          0x0800015f   Thumb Code     0  startup_stm32f103xe.o(.text)
    I2C1_ER_IRQHandler                       0x0800015f   Thumb Code     0  startup_stm32f103xe.o(.text)
    I2C1_EV_IRQHandler                       0x0800015f   Thumb Code     0  startup_stm32f103xe.o(.text)
    I2C2_ER_IRQHandler                       0x0800015f   Thumb Code     0  startup_stm32f103xe.o(.text)
    I2C2_EV_IRQHandler                       0x0800015f   Thumb Code     0  startup_stm32f103xe.o(.text)
    PVD_IRQHandler                           0x0800015f   Thumb Code     0  startup_stm32f103xe.o(.text)
    RCC_IRQHandler                           0x0800015f   Thumb Code     0  startup_stm32f103xe.o(.text)
    RTC_Alarm_IRQHandler                     0x0800015f   Thumb Code     0  startup_stm32f103xe.o(.text)
    RTC_IRQHandler                           0x0800015f   Thumb Code     0  startup_stm32f103xe.o(.text)
    SDIO_IRQHandler                          0x0800015f   Thumb Code     0  startup_stm32f103xe.o(.text)
    SPI1_IRQHandler                          0x0800015f   Thumb Code     0  startup_stm32f103xe.o(.text)
    SPI2_IRQHandler                          0x0800015f   Thumb Code     0  startup_stm32f103xe.o(.text)
    SPI3_IRQHandler                          0x0800015f   Thumb Code     0  startup_stm32f103xe.o(.text)
    TAMPER_IRQHandler                        0x0800015f   Thumb Code     0  startup_stm32f103xe.o(.text)
    TIM1_BRK_IRQHandler                      0x0800015f   Thumb Code     0  startup_stm32f103xe.o(.text)
    TIM1_CC_IRQHandler                       0x0800015f   Thumb Code     0  startup_stm32f103xe.o(.text)
    TIM1_TRG_COM_IRQHandler                  0x0800015f   Thumb Code     0  startup_stm32f103xe.o(.text)
    TIM1_UP_IRQHandler                       0x0800015f   Thumb Code     0  startup_stm32f103xe.o(.text)
    TIM2_IRQHandler                          0x0800015f   Thumb Code     0  startup_stm32f103xe.o(.text)
    TIM3_IRQHandler                          0x0800015f   Thumb Code     0  startup_stm32f103xe.o(.text)
    TIM4_IRQHandler                          0x0800015f   Thumb Code     0  startup_stm32f103xe.o(.text)
    TIM5_IRQHandler                          0x0800015f   Thumb Code     0  startup_stm32f103xe.o(.text)
    TIM6_IRQHandler                          0x0800015f   Thumb Code     0  startup_stm32f103xe.o(.text)
    TIM7_IRQHandler                          0x0800015f   Thumb Code     0  startup_stm32f103xe.o(.text)
    TIM8_BRK_IRQHandler                      0x0800015f   Thumb Code     0  startup_stm32f103xe.o(.text)
    TIM8_CC_IRQHandler                       0x0800015f   Thumb Code     0  startup_stm32f103xe.o(.text)
    TIM8_TRG_COM_IRQHandler                  0x0800015f   Thumb Code     0  startup_stm32f103xe.o(.text)
    TIM8_UP_IRQHandler                       0x0800015f   Thumb Code     0  startup_stm32f103xe.o(.text)
    UART5_IRQHandler                         0x0800015f   Thumb Code     0  startup_stm32f103xe.o(.text)
    USART1_IRQHandler                        0x0800015f   Thumb Code     0  startup_stm32f103xe.o(.text)
    USART3_IRQHandler                        0x0800015f   Thumb Code     0  startup_stm32f103xe.o(.text)
    USBWakeUp_IRQHandler                     0x0800015f   Thumb Code     0  startup_stm32f103xe.o(.text)
    USB_HP_CAN1_TX_IRQHandler                0x0800015f   Thumb Code     0  startup_stm32f103xe.o(.text)
    USB_LP_CAN1_RX0_IRQHandler               0x0800015f   Thumb Code     0  startup_stm32f103xe.o(.text)
    WWDG_IRQHandler                          0x0800015f   Thumb Code     0  startup_stm32f103xe.o(.text)
    __aeabi_llsr                             0x08000169   Thumb Code    32  llushr.o(.text)
    _ll_ushift_r                             0x08000169   Thumb Code     0  llushr.o(.text)
    __aeabi_memset                           0x08000189   Thumb Code    14  memseta.o(.text)
    __aeabi_memset4                          0x08000189   Thumb Code     0  memseta.o(.text)
    __aeabi_memset8                          0x08000189   Thumb Code     0  memseta.o(.text)
    __aeabi_memclr                           0x08000197   Thumb Code     4  memseta.o(.text)
    __aeabi_memclr4                          0x08000197   Thumb Code     0  memseta.o(.text)
    __aeabi_memclr8                          0x08000197   Thumb Code     0  memseta.o(.text)
    _memset$wrapper                          0x0800019b   Thumb Code    18  memseta.o(.text)
    strstr                                   0x080001ad   Thumb Code    36  strstr.o(.text)
    strlen                                   0x080001d1   Thumb Code    14  strlen.o(.text)
    __aeabi_uldivmod                         0x080001df   Thumb Code    98  uldiv.o(.text)
    __scatterload                            0x08000241   Thumb Code    28  init.o(.text)
    __scatterload_rt2                        0x08000241   Thumb Code     0  init.o(.text)
    __aeabi_llsl                             0x08000265   Thumb Code    30  llshl.o(.text)
    _ll_shift_l                              0x08000265   Thumb Code     0  llshl.o(.text)
    Add_Card_Flash                           0x08000285   Thumb Code   118  main.o(i.Add_Card_Flash)
    BusFault_Handler                         0x08000309   Thumb Code     4  stm32f1xx_it.o(i.BusFault_Handler)
    Buzzer_Init                              0x0800030d   Thumb Code    82  main.o(i.Buzzer_Init)
    ClearBitMask                             0x08000369   Thumb Code    28  rc522.o(i.ClearBitMask)
    ControlServo                             0x08000399   Thumb Code    28  servo.o(i.ControlServo)
    DebugMon_Handler                         0x080003b9   Thumb Code     2  stm32f1xx_it.o(i.DebugMon_Handler)
    Del_FR                                   0x080003bd   Thumb Code    14  main.o(i.Del_FR)
    Error_Handler                            0x080003d1   Thumb Code     2  main.o(i.Error_Handler)
    FLASH_PageErase                          0x080003fd   Thumb Code    32  stm32f1xx_hal_flash_ex.o(i.FLASH_PageErase)
    FLASH_WaitForLastOperation               0x080004c9   Thumb Code   106  stm32f1xx_hal_flash.o(i.FLASH_WaitForLastOperation)
    GZ_DeletChar                             0x08000539   Thumb Code   108  as608.o(i.GZ_DeletChar)
    GZ_GenChar                               0x080005a5   Thumb Code    70  as608.o(i.GZ_GenChar)
    GZ_GetImage                              0x080005eb   Thumb Code    58  as608.o(i.GZ_GetImage)
    GZ_HandShake                             0x08000625   Thumb Code   110  as608.o(i.GZ_HandShake)
    GZ_HighSpeedSearch                       0x0800069d   Thumb Code   160  as608.o(i.GZ_HighSpeedSearch)
    GZ_Match                                 0x08000759   Thumb Code    58  as608.o(i.GZ_Match)
    GZ_RegModel                              0x08000793   Thumb Code    58  as608.o(i.GZ_RegModel)
    GZ_StoreChar                             0x080007cd   Thumb Code    96  as608.o(i.GZ_StoreChar)
    GZ_ValidTempleteNum                      0x0800082d   Thumb Code    74  as608.o(i.GZ_ValidTempleteNum)
    HAL_DMA_Abort                            0x08000877   Thumb Code    86  stm32f1xx_hal_dma.o(i.HAL_DMA_Abort)
    HAL_DMA_Abort_IT                         0x080008cd   Thumb Code   414  stm32f1xx_hal_dma.o(i.HAL_DMA_Abort_IT)
    HAL_Delay                                0x08000a75   Thumb Code    36  stm32f1xx_hal.o(i.HAL_Delay)
    HAL_FLASHEx_Erase                        0x08000a9d   Thumb Code   168  stm32f1xx_hal_flash_ex.o(i.HAL_FLASHEx_Erase)
    HAL_FLASH_Lock                           0x08000b4d   Thumb Code    16  stm32f1xx_hal_flash.o(i.HAL_FLASH_Lock)
    HAL_FLASH_Program                        0x08000b61   Thumb Code   168  stm32f1xx_hal_flash.o(i.HAL_FLASH_Program)
    HAL_FLASH_Unlock                         0x08000c11   Thumb Code    36  stm32f1xx_hal_flash.o(i.HAL_FLASH_Unlock)
    HAL_GPIO_Init                            0x08000c41   Thumb Code   792  stm32f1xx_hal_gpio.o(i.HAL_GPIO_Init)
    HAL_GPIO_ReadPin                         0x08000f81   Thumb Code    16  stm32f1xx_hal_gpio.o(i.HAL_GPIO_ReadPin)
    HAL_GPIO_WritePin                        0x08000f91   Thumb Code    12  stm32f1xx_hal_gpio.o(i.HAL_GPIO_WritePin)
    HAL_GetTick                              0x08000f9d   Thumb Code     6  stm32f1xx_hal.o(i.HAL_GetTick)
    HAL_IncTick                              0x08000fa9   Thumb Code    16  stm32f1xx_hal.o(i.HAL_IncTick)
    HAL_Init                                 0x08000fc1   Thumb Code    34  stm32f1xx_hal.o(i.HAL_Init)
    HAL_InitTick                             0x08000fe9   Thumb Code    64  stm32f1xx_hal.o(i.HAL_InitTick)
    HAL_MspInit                              0x08001035   Thumb Code    76  stm32f1xx_hal_msp.o(i.HAL_MspInit)
    HAL_NVIC_EnableIRQ                       0x08001089   Thumb Code    32  stm32f1xx_hal_cortex.o(i.HAL_NVIC_EnableIRQ)
    HAL_NVIC_SetPriority                     0x080010a9   Thumb Code   124  stm32f1xx_hal_cortex.o(i.HAL_NVIC_SetPriority)
    HAL_NVIC_SetPriorityGrouping             0x08001125   Thumb Code    32  stm32f1xx_hal_cortex.o(i.HAL_NVIC_SetPriorityGrouping)
    HAL_RCC_ClockConfig                      0x0800114d   Thumb Code   376  stm32f1xx_hal_rcc.o(i.HAL_RCC_ClockConfig)
    HAL_RCC_GetHCLKFreq                      0x080012d9   Thumb Code     6  stm32f1xx_hal_rcc.o(i.HAL_RCC_GetHCLKFreq)
    HAL_RCC_GetPCLK1Freq                     0x080012e5   Thumb Code    22  stm32f1xx_hal_rcc.o(i.HAL_RCC_GetPCLK1Freq)
    HAL_RCC_GetPCLK2Freq                     0x08001305   Thumb Code    22  stm32f1xx_hal_rcc.o(i.HAL_RCC_GetPCLK2Freq)
    HAL_RCC_GetSysClockFreq                  0x08001325   Thumb Code   116  stm32f1xx_hal_rcc.o(i.HAL_RCC_GetSysClockFreq)
    HAL_RCC_OscConfig                        0x080013b9   Thumb Code  1114  stm32f1xx_hal_rcc.o(i.HAL_RCC_OscConfig)
    HAL_SYSTICK_Config                       0x0800181d   Thumb Code    52  stm32f1xx_hal_cortex.o(i.HAL_SYSTICK_Config)
    HAL_TIMEx_MasterConfigSynchronization    0x08001851   Thumb Code   134  stm32f1xx_hal_tim_ex.o(i.HAL_TIMEx_MasterConfigSynchronization)
    HAL_TIM_MspPostInit                      0x080018ed   Thumb Code    74  tim.o(i.HAL_TIM_MspPostInit)
    HAL_TIM_PWM_ConfigChannel                0x08001945   Thumb Code   252  stm32f1xx_hal_tim.o(i.HAL_TIM_PWM_ConfigChannel)
    HAL_TIM_PWM_Init                         0x08001a41   Thumb Code   102  stm32f1xx_hal_tim.o(i.HAL_TIM_PWM_Init)
    HAL_TIM_PWM_MspInit                      0x08001aa9   Thumb Code    40  tim.o(i.HAL_TIM_PWM_MspInit)
    HAL_TIM_PWM_Start                        0x08001ad9   Thumb Code   222  stm32f1xx_hal_tim.o(i.HAL_TIM_PWM_Start)
    HAL_UARTEx_RxEventCallback               0x08001bcd   Thumb Code     2  stm32f1xx_hal_uart.o(i.HAL_UARTEx_RxEventCallback)
    HAL_UART_AbortReceiveCpltCallback        0x08001bcf   Thumb Code     2  stm32f1xx_hal_uart.o(i.HAL_UART_AbortReceiveCpltCallback)
    HAL_UART_AbortReceive_IT                 0x08001bd1   Thumb Code   140  stm32f1xx_hal_uart.o(i.HAL_UART_AbortReceive_IT)
    HAL_UART_ErrorCallback                   0x08001c61   Thumb Code    48  usart.o(i.HAL_UART_ErrorCallback)
    HAL_UART_IRQHandler                      0x08001c9d   Thumb Code   582  stm32f1xx_hal_uart.o(i.HAL_UART_IRQHandler)
    HAL_UART_Init                            0x08001ee9   Thumb Code   114  stm32f1xx_hal_uart.o(i.HAL_UART_Init)
    HAL_UART_MspInit                         0x08001f5d   Thumb Code   488  usart.o(i.HAL_UART_MspInit)
    HAL_UART_Receive_IT                      0x08002169   Thumb Code    66  stm32f1xx_hal_uart.o(i.HAL_UART_Receive_IT)
    HAL_UART_RxCpltCallback                  0x080021ab   Thumb Code     2  usart.o(i.HAL_UART_RxCpltCallback)
    HAL_UART_Transmit                        0x080021ad   Thumb Code   210  stm32f1xx_hal_uart.o(i.HAL_UART_Transmit)
    HAL_UART_TxCpltCallback                  0x0800227f   Thumb Code     2  stm32f1xx_hal_uart.o(i.HAL_UART_TxCpltCallback)
    HardFault_Handler                        0x08002281   Thumb Code     4  stm32f1xx_it.o(i.HardFault_Handler)
    Host_SendCardEvent                       0x08002285   Thumb Code    38  main.o(i.Host_SendCardEvent)
    Host_SendFaceFail                        0x080022b5   Thumb Code    26  main.o(i.Host_SendFaceFail)
    Host_SendFaceOk                          0x080022e1   Thumb Code    26  main.o(i.Host_SendFaceOk)
    Host_SendFingerEvent                     0x0800230d   Thumb Code    30  main.o(i.Host_SendFingerEvent)
    Host_SendText                            0x08002335   Thumb Code    76  main.o(i.Host_SendText)
    Key_Init                                 0x08002465   Thumb Code    66  key.o(i.Key_Init)
    Key_Scan                                 0x080024b1   Thumb Code   176  key.o(i.Key_Scan)
    M500PcdConfigISOType                     0x08002565   Thumb Code    92  rc522.o(i.M500PcdConfigISOType)
    MX_GPIO_Init                             0x080025c1   Thumb Code    84  gpio.o(i.MX_GPIO_Init)
    MX_TIM4_Init                             0x08002619   Thumb Code   116  tim.o(i.MX_TIM4_Init)
    MX_UART4_Init                            0x08002695   Thumb Code    80  usart.o(i.MX_UART4_Init)
    MX_UART5_Init                            0x080026f1   Thumb Code    46  usart.o(i.MX_UART5_Init)
    MX_USART2_UART_Init                      0x08002729   Thumb Code    78  usart.o(i.MX_USART2_UART_Init)
    MX_USART3_UART_Init                      0x08002781   Thumb Code    46  usart.o(i.MX_USART3_UART_Init)
    MemManage_Handler                        0x080027b9   Thumb Code     4  stm32f1xx_it.o(i.MemManage_Handler)
    NMI_Handler                              0x080027bd   Thumb Code     2  stm32f1xx_it.o(i.NMI_Handler)
    OLED_Clear                               0x080027bf   Thumb Code    42  oled.o(i.OLED_Clear)
    OLED_I2C_Init                            0x080027e9   Thumb Code    80  oled.o(i.OLED_I2C_Init)
    OLED_I2C_SendByte                        0x08002841   Thumb Code    54  oled.o(i.OLED_I2C_SendByte)
    OLED_I2C_Start                           0x08002877   Thumb Code    28  oled.o(i.OLED_I2C_Start)
    OLED_I2C_Stop                            0x08002893   Thumb Code    22  oled.o(i.OLED_I2C_Stop)
    OLED_Init                                0x080028a9   Thumb Code   174  oled.o(i.OLED_Init)
    OLED_Pow                                 0x08002957   Thumb Code    20  oled.o(i.OLED_Pow)
    OLED_SetCursor                           0x0800296b   Thumb Code    34  oled.o(i.OLED_SetCursor)
    OLED_ShowChar                            0x0800298d   Thumb Code   110  oled.o(i.OLED_ShowChar)
    OLED_ShowNum                             0x08002a01   Thumb Code    68  oled.o(i.OLED_ShowNum)
    OLED_ShowString                          0x08002a45   Thumb Code    40  oled.o(i.OLED_ShowString)
    OLED_W_SCL                               0x08002a6d   Thumb Code    30  oled.o(i.OLED_W_SCL)
    OLED_W_SDA                               0x08002a91   Thumb Code    30  oled.o(i.OLED_W_SDA)
    OLED_WriteCommand                        0x08002ab5   Thumb Code    32  oled.o(i.OLED_WriteCommand)
    OLED_WriteData                           0x08002ad5   Thumb Code    32  oled.o(i.OLED_WriteData)
    PcdAntennaOff                            0x08002af5   Thumb Code    12  rc522.o(i.PcdAntennaOff)
    PcdAntennaOn                             0x08002b01   Thumb Code    26  rc522.o(i.PcdAntennaOn)
    PcdAnticoll                              0x08002b1b   Thumb Code   112  rc522.o(i.PcdAnticoll)
    PcdComMF522                              0x08002b8b   Thumb Code   306  rc522.o(i.PcdComMF522)
    PcdInit                                  0x08002cbd   Thumb Code   244  rc522.o(i.PcdInit)
    PcdRequest                               0x08002db9   Thumb Code    84  rc522.o(i.PcdRequest)
    PcdReset                                 0x08002e0d   Thumb Code   116  rc522.o(i.PcdReset)
    PendSV_Handler                           0x08002e85   Thumb Code     2  stm32f1xx_it.o(i.PendSV_Handler)
    RFID_Init                                0x08002eb1   Thumb Code    26  rc522.o(i.RFID_Init)
    ReadRawRC                                0x08002ecd   Thumb Code   178  rc522.o(i.ReadRawRC)
    Read_Card_Flash                          0x08002f85   Thumb Code   170  main.o(i.Read_Card_Flash)
    SVC_Handler                              0x08003045   Thumb Code     2  stm32f1xx_it.o(i.SVC_Handler)
    Servo_Init                               0x080030cd   Thumb Code    20  servo.o(i.Servo_Init)
    SetBitMask                               0x080030e5   Thumb Code    28  rc522.o(i.SetBitMask)
    SysTick_Handler                          0x08003101   Thumb Code     8  stm32f1xx_it.o(i.SysTick_Handler)
    SystemClock_Config                       0x08003109   Thumb Code   102  main.o(i.SystemClock_Config)
    SystemInit                               0x08003171   Thumb Code    70  system_stm32f1xx.o(i.SystemInit)
    TIM_Base_SetConfig                       0x080031c9   Thumb Code   134  stm32f1xx_hal_tim.o(i.TIM_Base_SetConfig)
    TIM_CCxChannelCmd                        0x08003265   Thumb Code    34  stm32f1xx_hal_tim.o(i.TIM_CCxChannelCmd)
    TIM_OC2_SetConfig                        0x080032f9   Thumb Code   114  stm32f1xx_hal_tim.o(i.TIM_OC2_SetConfig)
    UART4_IRQHandler                         0x08003595   Thumb Code    28  stm32f1xx_it.o(i.UART4_IRQHandler)
    UART_Start_Receive_IT                    0x0800381d   Thumb Code    82  stm32f1xx_hal_uart.o(i.UART_Start_Receive_IT)
    UID_ToString                             0x0800393d   Thumb Code    28  main.o(i.UID_ToString)
    USART2_IRQHandler                        0x0800396d   Thumb Code    86  usart.o(i.USART2_IRQHandler)
    UsageFault_Handler                       0x080039cd   Thumb Code     4  stm32f1xx_it.o(i.UsageFault_Handler)
    UsartReceive_IDLE                        0x080039d1   Thumb Code    62  usart.o(i.UsartReceive_IDLE)
    WriteRawRC                               0x08003a1d   Thumb Code   196  rc522.o(i.WriteRawRC)
    __0printf$8                              0x08003ae5   Thumb Code    22  printf8.o(i.__0printf$8)
    __1printf$8                              0x08003ae5   Thumb Code     0  printf8.o(i.__0printf$8)
    __2printf                                0x08003ae5   Thumb Code     0  printf8.o(i.__0printf$8)
    __0sprintf$8                             0x08003b05   Thumb Code    34  printf8.o(i.__0sprintf$8)
    __1sprintf$8                             0x08003b05   Thumb Code     0  printf8.o(i.__0sprintf$8)
    __2sprintf                               0x08003b05   Thumb Code     0  printf8.o(i.__0sprintf$8)
    __scatterload_copy                       0x08003b65   Thumb Code    14  handlers.o(i.__scatterload_copy)
    __scatterload_null                       0x08003b73   Thumb Code     2  handlers.o(i.__scatterload_null)
    __scatterload_zeroinit                   0x08003b75   Thumb Code    14  handlers.o(i.__scatterload_zeroinit)
    delay_10ms                               0x08003ff1   Thumb Code    26  rc522.o(i.delay_10ms)
    fputc                                    0x0800400d   Thumb Code    22  usart.o(i.fputc)
    main                                     0x08004029   Thumb Code  3714  main.o(i.main)
    press_FR                                 0x08004f49   Thumb Code   178  main.o(i.press_FR)
    stmflash_read                            0x08005029   Thumb Code    34  myflash.o(i.stmflash_read)
    stmflash_read_halfword                   0x0800504b   Thumb Code     6  myflash.o(i.stmflash_read_halfword)
    stmflash_write                           0x08005051   Thumb Code   242  myflash.o(i.stmflash_write)
    stmflash_write_nocheck                   0x08005149   Thumb Code    44  myflash.o(i.stmflash_write_nocheck)
    OLED_F8x16                               0x08005174   Data        1520  oled.o(.constdata)
    AHBPrescTable                            0x08005764   Data          16  system_stm32f1xx.o(.constdata)
    APBPrescTable                            0x08005774   Data           8  system_stm32f1xx.o(.constdata)
    Region$$Table$$Base                      0x0800577c   Number         0  anon$$obj.o(Region$$Table)
    Region$$Table$$Limit                     0x0800579c   Number         0  anon$$obj.o(Region$$Table)
    ValidN                                   0x20000000   Data           2  main.o(.data)
    face_event_ready                         0x20000002   Data           1  main.o(.data)
    face_result                              0x20000003   Data           1  main.o(.data)
    face_id                                  0x20000004   Data           2  main.o(.data)
    as608_ready                              0x20000006   Data           1  main.o(.data)
    fail_count                               0x20000007   Data           1  main.o(.data)
    __stdout                                 0x2000000c   Data           4  usart.o(.data)
    g_usart_rx_sta                           0x20000010   Data           2  usart.o(.data)
    RX_len                                   0x20000013   Data           1  usart.o(.data)
    AS608Addr                                0x20000014   Data           4  as608.o(.data)
    UID                                      0x20000018   Data           4  rc522.o(.data)
    Temp                                     0x2000001c   Data           4  rc522.o(.data)
    UI0                                      0x20000020   Data           4  rc522.o(.data)
    UI1                                      0x20000024   Data           4  rc522.o(.data)
    UI2                                      0x20000028   Data           4  rc522.o(.data)
    UI3                                      0x2000002c   Data           4  rc522.o(.data)
    uwTick                                   0x20000030   Data           4  stm32f1xx_hal.o(.data)
    uwTickPrio                               0x20000034   Data           4  stm32f1xx_hal.o(.data)
    uwTickFreq                               0x20000038   Data           1  stm32f1xx_hal.o(.data)
    SystemCoreClock                          0x2000003c   Data           4  system_stm32f1xx.o(.data)
    g_usart_rx2_buf                          0x20000040   Data         200  usart.o(.bss)
    aRxBuffer                                0x20000118   Data         500  usart.o(.bss)
    huart4                                   0x2000030c   Data          68  usart.o(.bss)
    huart2                                   0x20000350   Data          68  usart.o(.bss)
    huart3                                   0x20000394   Data          68  usart.o(.bss)
    huart5                                   0x200003d8   Data          68  usart.o(.bss)
    datatemp                                 0x2000041c   Data           9  myflash.o(.bss)
    g_flashbuf                               0x20000426   Data        1024  myflash.o(.bss)
    htim4                                    0x20000828   Data          72  tim.o(.bss)
    pFlash                                   0x20000870   Data          32  stm32f1xx_hal_flash.o(.bss)
    __initial_sp                             0x20000c90   Data           0  startup_stm32f103xe.o(STACK)



==============================================================================

Memory Map of the image

  Image Entry point : 0x08000131

  Load Region LR_IROM1 (Base: 0x08000000, Size: 0x000057dc, Max: 0x00080000, ABSOLUTE)

    Execution Region ER_IROM1 (Exec base: 0x08000000, Load base: 0x08000000, Size: 0x0000579c, Max: 0x00080000, ABSOLUTE)

    Exec Addr    Load Addr    Size         Type   Attr      Idx    E Section Name        Object

    0x08000000   0x08000000   0x00000130   Data   RO            3    RESET               startup_stm32f103xe.o
    0x08000130   0x08000130   0x00000000   Code   RO         3647  * .ARM.Collect$$$$00000000  mc_w.l(entry.o)
    0x08000130   0x08000130   0x00000004   Code   RO         3919    .ARM.Collect$$$$00000001  mc_w.l(entry2.o)
    0x08000134   0x08000134   0x00000004   Code   RO         3922    .ARM.Collect$$$$00000004  mc_w.l(entry5.o)
    0x08000138   0x08000138   0x00000000   Code   RO         3924    .ARM.Collect$$$$00000008  mc_w.l(entry7b.o)
    0x08000138   0x08000138   0x00000000   Code   RO         3926    .ARM.Collect$$$$0000000A  mc_w.l(entry8b.o)
    0x08000138   0x08000138   0x00000008   Code   RO         3927    .ARM.Collect$$$$0000000B  mc_w.l(entry9a.o)
    0x08000140   0x08000140   0x00000000   Code   RO         3929    .ARM.Collect$$$$0000000D  mc_w.l(entry10a.o)
    0x08000140   0x08000140   0x00000000   Code   RO         3931    .ARM.Collect$$$$0000000F  mc_w.l(entry11a.o)
    0x08000140   0x08000140   0x00000004   Code   RO         3920    .ARM.Collect$$$$00002712  mc_w.l(entry2.o)
    0x08000144   0x08000144   0x00000024   Code   RO            4    .text               startup_stm32f103xe.o
    0x08000168   0x08000168   0x00000020   Code   RO         3650    .text               mc_w.l(llushr.o)
    0x08000188   0x08000188   0x00000024   Code   RO         3652    .text               mc_w.l(memseta.o)
    0x080001ac   0x080001ac   0x00000024   Code   RO         3654    .text               mc_w.l(strstr.o)
    0x080001d0   0x080001d0   0x0000000e   Code   RO         3656    .text               mc_w.l(strlen.o)
    0x080001de   0x080001de   0x00000062   Code   RO         3935    .text               mc_w.l(uldiv.o)
    0x08000240   0x08000240   0x00000024   Code   RO         3948    .text               mc_w.l(init.o)
    0x08000264   0x08000264   0x0000001e   Code   RO         3950    .text               mc_w.l(llshl.o)
    0x08000282   0x08000282   0x00000002   PAD
    0x08000284   0x08000284   0x00000084   Code   RO           13    i.Add_Card_Flash    main.o
    0x08000308   0x08000308   0x00000004   Code   RO          484    i.BusFault_Handler  stm32f1xx_it.o
    0x0800030c   0x0800030c   0x0000005c   Code   RO           14    i.Buzzer_Init       main.o
    0x08000368   0x08000368   0x0000001c   Code   RO          766    i.ClearBitMask      rc522.o
    0x08000384   0x08000384   0x00000014   Code   RO          589    i.Com_SendData      as608.o
    0x08000398   0x08000398   0x00000020   Code   RO         1186    i.ControlServo      servo.o
    0x080003b8   0x080003b8   0x00000002   Code   RO          485    i.DebugMon_Handler  stm32f1xx_it.o
    0x080003ba   0x080003ba   0x00000002   PAD
    0x080003bc   0x080003bc   0x00000014   Code   RO           15    i.Del_FR            main.o
    0x080003d0   0x080003d0   0x00000002   Code   RO           16    i.Error_Handler     main.o
    0x080003d2   0x080003d2   0x00000002   PAD
    0x080003d4   0x080003d4   0x00000028   Code   RO         3435    i.FLASH_MassErase   stm32f1xx_hal_flash_ex.o
    0x080003fc   0x080003fc   0x00000028   Code   RO         3444    i.FLASH_PageErase   stm32f1xx_hal_flash_ex.o
    0x08000424   0x08000424   0x00000020   Code   RO         3332    i.FLASH_Program_HalfWord  stm32f1xx_hal_flash.o
    0x08000444   0x08000444   0x00000084   Code   RO         3333    i.FLASH_SetErrorCode  stm32f1xx_hal_flash.o
    0x080004c8   0x080004c8   0x00000070   Code   RO         3334    i.FLASH_WaitForLastOperation  stm32f1xx_hal_flash.o
    0x08000538   0x08000538   0x0000006c   Code   RO          591    i.GZ_DeletChar      as608.o
    0x080005a4   0x080005a4   0x00000046   Code   RO          593    i.GZ_GenChar        as608.o
    0x080005ea   0x080005ea   0x0000003a   Code   RO          594    i.GZ_GetImage       as608.o
    0x08000624   0x08000624   0x00000078   Code   RO          595    i.GZ_HandShake      as608.o
    0x0800069c   0x0800069c   0x000000bc   Code   RO          596    i.GZ_HighSpeedSearch  as608.o
    0x08000758   0x08000758   0x0000003a   Code   RO          597    i.GZ_Match          as608.o
    0x08000792   0x08000792   0x0000003a   Code   RO          600    i.GZ_RegModel       as608.o
    0x080007cc   0x080007cc   0x00000060   Code   RO          603    i.GZ_StoreChar      as608.o
    0x0800082c   0x0800082c   0x0000004a   Code   RO          604    i.GZ_ValidTempleteNum  as608.o
    0x08000876   0x08000876   0x00000056   Code   RO         2991    i.HAL_DMA_Abort     stm32f1xx_hal_dma.o
    0x080008cc   0x080008cc   0x000001a8   Code   RO         2992    i.HAL_DMA_Abort_IT  stm32f1xx_hal_dma.o
    0x08000a74   0x08000a74   0x00000028   Code   RO         2614    i.HAL_Delay         stm32f1xx_hal.o
    0x08000a9c   0x08000a9c   0x000000b0   Code   RO         3445    i.HAL_FLASHEx_Erase  stm32f1xx_hal_flash_ex.o
    0x08000b4c   0x08000b4c   0x00000014   Code   RO         3338    i.HAL_FLASH_Lock    stm32f1xx_hal_flash.o
    0x08000b60   0x08000b60   0x000000b0   Code   RO         3343    i.HAL_FLASH_Program  stm32f1xx_hal_flash.o
    0x08000c10   0x08000c10   0x00000030   Code   RO         3345    i.HAL_FLASH_Unlock  stm32f1xx_hal_flash.o
    0x08000c40   0x08000c40   0x00000340   Code   RO         2927    i.HAL_GPIO_Init     stm32f1xx_hal_gpio.o
    0x08000f80   0x08000f80   0x00000010   Code   RO         2929    i.HAL_GPIO_ReadPin  stm32f1xx_hal_gpio.o
    0x08000f90   0x08000f90   0x0000000c   Code   RO         2931    i.HAL_GPIO_WritePin  stm32f1xx_hal_gpio.o
    0x08000f9c   0x08000f9c   0x0000000c   Code   RO         2618    i.HAL_GetTick       stm32f1xx_hal.o
    0x08000fa8   0x08000fa8   0x00000018   Code   RO         2624    i.HAL_IncTick       stm32f1xx_hal.o
    0x08000fc0   0x08000fc0   0x00000028   Code   RO         2625    i.HAL_Init          stm32f1xx_hal.o
    0x08000fe8   0x08000fe8   0x0000004c   Code   RO         2626    i.HAL_InitTick      stm32f1xx_hal.o
    0x08001034   0x08001034   0x00000054   Code   RO          565    i.HAL_MspInit       stm32f1xx_hal_msp.o
    0x08001088   0x08001088   0x00000020   Code   RO         3087    i.HAL_NVIC_EnableIRQ  stm32f1xx_hal_cortex.o
    0x080010a8   0x080010a8   0x0000007c   Code   RO         3093    i.HAL_NVIC_SetPriority  stm32f1xx_hal_cortex.o
    0x08001124   0x08001124   0x00000028   Code   RO         3094    i.HAL_NVIC_SetPriorityGrouping  stm32f1xx_hal_cortex.o
    0x0800114c   0x0800114c   0x0000018c   Code   RO         2782    i.HAL_RCC_ClockConfig  stm32f1xx_hal_rcc.o
    0x080012d8   0x080012d8   0x0000000c   Code   RO         2787    i.HAL_RCC_GetHCLKFreq  stm32f1xx_hal_rcc.o
    0x080012e4   0x080012e4   0x00000020   Code   RO         2789    i.HAL_RCC_GetPCLK1Freq  stm32f1xx_hal_rcc.o
    0x08001304   0x08001304   0x00000020   Code   RO         2790    i.HAL_RCC_GetPCLK2Freq  stm32f1xx_hal_rcc.o
    0x08001324   0x08001324   0x00000094   Code   RO         2791    i.HAL_RCC_GetSysClockFreq  stm32f1xx_hal_rcc.o
    0x080013b8   0x080013b8   0x00000464   Code   RO         2794    i.HAL_RCC_OscConfig  stm32f1xx_hal_rcc.o
    0x0800181c   0x0800181c   0x00000034   Code   RO         3098    i.HAL_SYSTICK_Config  stm32f1xx_hal_cortex.o
    0x08001850   0x08001850   0x0000009c   Code   RO         1992    i.HAL_TIMEx_MasterConfigSynchronization  stm32f1xx_hal_tim_ex.o
    0x080018ec   0x080018ec   0x00000058   Code   RO         1138    i.HAL_TIM_MspPostInit  tim.o
    0x08001944   0x08001944   0x000000fc   Code   RO         1330    i.HAL_TIM_PWM_ConfigChannel  stm32f1xx_hal_tim.o
    0x08001a40   0x08001a40   0x00000066   Code   RO         1333    i.HAL_TIM_PWM_Init  stm32f1xx_hal_tim.o
    0x08001aa6   0x08001aa6   0x00000002   PAD
    0x08001aa8   0x08001aa8   0x00000030   Code   RO         1140    i.HAL_TIM_PWM_MspInit  tim.o
    0x08001ad8   0x08001ad8   0x000000f4   Code   RO         1338    i.HAL_TIM_PWM_Start  stm32f1xx_hal_tim.o
    0x08001bcc   0x08001bcc   0x00000002   Code   RO         2251    i.HAL_UARTEx_RxEventCallback  stm32f1xx_hal_uart.o
    0x08001bce   0x08001bce   0x00000002   Code   RO         2255    i.HAL_UART_AbortReceiveCpltCallback  stm32f1xx_hal_uart.o
    0x08001bd0   0x08001bd0   0x00000090   Code   RO         2256    i.HAL_UART_AbortReceive_IT  stm32f1xx_hal_uart.o
    0x08001c60   0x08001c60   0x0000003c   Code   RO          359    i.HAL_UART_ErrorCallback  usart.o
    0x08001c9c   0x08001c9c   0x0000024c   Code   RO         2268    i.HAL_UART_IRQHandler  stm32f1xx_hal_uart.o
    0x08001ee8   0x08001ee8   0x00000072   Code   RO         2269    i.HAL_UART_Init     stm32f1xx_hal_uart.o
    0x08001f5a   0x08001f5a   0x00000002   PAD
    0x08001f5c   0x08001f5c   0x0000020c   Code   RO          361    i.HAL_UART_MspInit  usart.o
    0x08002168   0x08002168   0x00000042   Code   RO         2274    i.HAL_UART_Receive_IT  stm32f1xx_hal_uart.o
    0x080021aa   0x080021aa   0x00000002   Code   RO          362    i.HAL_UART_RxCpltCallback  usart.o
    0x080021ac   0x080021ac   0x000000d2   Code   RO         2277    i.HAL_UART_Transmit  stm32f1xx_hal_uart.o
    0x0800227e   0x0800227e   0x00000002   Code   RO         2280    i.HAL_UART_TxCpltCallback  stm32f1xx_hal_uart.o
    0x08002280   0x08002280   0x00000004   Code   RO          486    i.HardFault_Handler  stm32f1xx_it.o
    0x08002284   0x08002284   0x00000030   Code   RO           17    i.Host_SendCardEvent  main.o
    0x080022b4   0x080022b4   0x0000002c   Code   RO           18    i.Host_SendFaceFail  main.o
    0x080022e0   0x080022e0   0x0000002c   Code   RO           19    i.Host_SendFaceOk   main.o
    0x0800230c   0x0800230c   0x00000028   Code   RO           20    i.Host_SendFingerEvent  main.o
    0x08002334   0x08002334   0x000000b0   Code   RO           21    i.Host_SendText     main.o
    0x080023e4   0x080023e4   0x00000080   Code   RO          607    i.JudgeStr          as608.o
    0x08002464   0x08002464   0x0000004c   Code   RO         1053    i.Key_Init          key.o
    0x080024b0   0x080024b0   0x000000b4   Code   RO         1054    i.Key_Scan          key.o
    0x08002564   0x08002564   0x0000005c   Code   RO          767    i.M500PcdConfigISOType  rc522.o
    0x080025c0   0x080025c0   0x00000058   Code   RO          248    i.MX_GPIO_Init      gpio.o
    0x08002618   0x08002618   0x0000007c   Code   RO         1141    i.MX_TIM4_Init      tim.o
    0x08002694   0x08002694   0x0000005c   Code   RO          363    i.MX_UART4_Init     usart.o
    0x080026f0   0x080026f0   0x00000038   Code   RO          364    i.MX_UART5_Init     usart.o
    0x08002728   0x08002728   0x00000058   Code   RO          365    i.MX_USART2_UART_Init  usart.o
    0x08002780   0x08002780   0x00000038   Code   RO          366    i.MX_USART3_UART_Init  usart.o
    0x080027b8   0x080027b8   0x00000004   Code   RO          487    i.MemManage_Handler  stm32f1xx_it.o
    0x080027bc   0x080027bc   0x00000002   Code   RO          488    i.NMI_Handler       stm32f1xx_it.o
    0x080027be   0x080027be   0x0000002a   Code   RO          921    i.OLED_Clear        oled.o
    0x080027e8   0x080027e8   0x00000058   Code   RO          922    i.OLED_I2C_Init     oled.o
    0x08002840   0x08002840   0x00000036   Code   RO          923    i.OLED_I2C_SendByte  oled.o
    0x08002876   0x08002876   0x0000001c   Code   RO          924    i.OLED_I2C_Start    oled.o
    0x08002892   0x08002892   0x00000016   Code   RO          925    i.OLED_I2C_Stop     oled.o
    0x080028a8   0x080028a8   0x000000ae   Code   RO          926    i.OLED_Init         oled.o
    0x08002956   0x08002956   0x00000014   Code   RO          927    i.OLED_Pow          oled.o
    0x0800296a   0x0800296a   0x00000022   Code   RO          928    i.OLED_SetCursor    oled.o
    0x0800298c   0x0800298c   0x00000074   Code   RO          930    i.OLED_ShowChar     oled.o
    0x08002a00   0x08002a00   0x00000044   Code   RO          932    i.OLED_ShowNum      oled.o
    0x08002a44   0x08002a44   0x00000028   Code   RO          934    i.OLED_ShowString   oled.o
    0x08002a6c   0x08002a6c   0x00000024   Code   RO          935    i.OLED_W_SCL        oled.o
    0x08002a90   0x08002a90   0x00000024   Code   RO          936    i.OLED_W_SDA        oled.o
    0x08002ab4   0x08002ab4   0x00000020   Code   RO          937    i.OLED_WriteCommand  oled.o
    0x08002ad4   0x08002ad4   0x00000020   Code   RO          938    i.OLED_WriteData    oled.o
    0x08002af4   0x08002af4   0x0000000c   Code   RO          768    i.PcdAntennaOff     rc522.o
    0x08002b00   0x08002b00   0x0000001a   Code   RO          769    i.PcdAntennaOn      rc522.o
    0x08002b1a   0x08002b1a   0x00000070   Code   RO          770    i.PcdAnticoll       rc522.o
    0x08002b8a   0x08002b8a   0x00000132   Code   RO          772    i.PcdComMF522       rc522.o
    0x08002cbc   0x08002cbc   0x000000fc   Code   RO          774    i.PcdInit           rc522.o
    0x08002db8   0x08002db8   0x00000054   Code   RO          776    i.PcdRequest        rc522.o
    0x08002e0c   0x08002e0c   0x00000078   Code   RO          777    i.PcdReset          rc522.o
    0x08002e84   0x08002e84   0x00000002   Code   RO          489    i.PendSV_Handler    stm32f1xx_it.o
    0x08002e86   0x08002e86   0x00000002   PAD
    0x08002e88   0x08002e88   0x00000028   Code   RO         2795    i.RCC_Delay         stm32f1xx_hal_rcc.o
    0x08002eb0   0x08002eb0   0x0000001a   Code   RO          780    i.RFID_Init         rc522.o
    0x08002eca   0x08002eca   0x00000002   PAD
    0x08002ecc   0x08002ecc   0x000000b8   Code   RO          782    i.ReadRawRC         rc522.o
    0x08002f84   0x08002f84   0x000000c0   Code   RO           22    i.Read_Card_Flash   main.o
    0x08003044   0x08003044   0x00000002   Code   RO          490    i.SVC_Handler       stm32f1xx_it.o
    0x08003046   0x08003046   0x00000002   PAD
    0x08003048   0x08003048   0x00000034   Code   RO          608    i.SendAddr          as608.o
    0x0800307c   0x0800307c   0x00000012   Code   RO          609    i.SendCheck         as608.o
    0x0800308e   0x0800308e   0x0000000c   Code   RO          610    i.SendFlag          as608.o
    0x0800309a   0x0800309a   0x00000010   Code   RO          611    i.SendHead          as608.o
    0x080030aa   0x080030aa   0x00000014   Code   RO          612    i.SendLength        as608.o
    0x080030be   0x080030be   0x0000000c   Code   RO          613    i.Sendcmd           as608.o
    0x080030ca   0x080030ca   0x00000002   PAD
    0x080030cc   0x080030cc   0x00000018   Code   RO         1187    i.Servo_Init        servo.o
    0x080030e4   0x080030e4   0x0000001c   Code   RO          783    i.SetBitMask        rc522.o
    0x08003100   0x08003100   0x00000008   Code   RO          491    i.SysTick_Handler   stm32f1xx_it.o
    0x08003108   0x08003108   0x00000066   Code   RO           23    i.SystemClock_Config  main.o
    0x0800316e   0x0800316e   0x00000002   PAD
    0x08003170   0x08003170   0x00000058   Code   RO         3614    i.SystemInit        system_stm32f1xx.o
    0x080031c8   0x080031c8   0x0000009c   Code   RO         1351    i.TIM_Base_SetConfig  stm32f1xx_hal_tim.o
    0x08003264   0x08003264   0x00000022   Code   RO         1352    i.TIM_CCxChannelCmd  stm32f1xx_hal_tim.o
    0x08003286   0x08003286   0x00000002   PAD
    0x08003288   0x08003288   0x00000070   Code   RO         1364    i.TIM_OC1_SetConfig  stm32f1xx_hal_tim.o
    0x080032f8   0x080032f8   0x0000007c   Code   RO         1365    i.TIM_OC2_SetConfig  stm32f1xx_hal_tim.o
    0x08003374   0x08003374   0x00000078   Code   RO         1366    i.TIM_OC3_SetConfig  stm32f1xx_hal_tim.o
    0x080033ec   0x080033ec   0x00000054   Code   RO         1367    i.TIM_OC4_SetConfig  stm32f1xx_hal_tim.o
    0x08003440   0x08003440   0x00000154   Code   RO          367    i.TX510_ParseByte   usart.o
    0x08003594   0x08003594   0x00000020   Code   RO          492    i.UART4_IRQHandler  stm32f1xx_it.o
    0x080035b4   0x080035b4   0x00000014   Code   RO         2282    i.UART_DMAAbortOnError  stm32f1xx_hal_uart.o
    0x080035c8   0x080035c8   0x0000001c   Code   RO         2287    i.UART_DMARxOnlyAbortCallback  stm32f1xx_hal_uart.o
    0x080035e4   0x080035e4   0x00000036   Code   RO         2292    i.UART_EndRxTransfer  stm32f1xx_hal_uart.o
    0x0800361a   0x0800361a   0x00000020   Code   RO         2293    i.UART_EndTransmit_IT  stm32f1xx_hal_uart.o
    0x0800363a   0x0800363a   0x000000e4   Code   RO         2295    i.UART_Receive_IT   stm32f1xx_hal_uart.o
    0x0800371e   0x0800371e   0x00000002   PAD
    0x08003720   0x08003720   0x000000fc   Code   RO         2296    i.UART_SetConfig    stm32f1xx_hal_uart.o
    0x0800381c   0x0800381c   0x00000052   Code   RO         2298    i.UART_Start_Receive_IT  stm32f1xx_hal_uart.o
    0x0800386e   0x0800386e   0x00000060   Code   RO         2299    i.UART_Transmit_IT  stm32f1xx_hal_uart.o
    0x080038ce   0x080038ce   0x0000006c   Code   RO         2300    i.UART_WaitOnFlagUntilTimeout  stm32f1xx_hal_uart.o
    0x0800393a   0x0800393a   0x00000002   PAD
    0x0800393c   0x0800393c   0x00000030   Code   RO           24    i.UID_ToString      main.o
    0x0800396c   0x0800396c   0x00000060   Code   RO          368    i.USART2_IRQHandler  usart.o
    0x080039cc   0x080039cc   0x00000004   Code   RO          493    i.UsageFault_Handler  stm32f1xx_it.o
    0x080039d0   0x080039d0   0x0000004c   Code   RO          369    i.UsartReceive_IDLE  usart.o
    0x08003a1c   0x08003a1c   0x000000c8   Code   RO          785    i.WriteRawRC        rc522.o
    0x08003ae4   0x08003ae4   0x00000020   Code   RO         3865    i.__0printf$8       mc_w.l(printf8.o)
    0x08003b04   0x08003b04   0x00000028   Code   RO         3867    i.__0sprintf$8      mc_w.l(printf8.o)
    0x08003b2c   0x08003b2c   0x00000010   Code   RO         3100    i.__NVIC_GetPriorityGrouping  stm32f1xx_hal_cortex.o
    0x08003b3c   0x08003b3c   0x00000028   Code   RO         3101    i.__NVIC_SetPriority  stm32f1xx_hal_cortex.o
    0x08003b64   0x08003b64   0x0000000e   Code   RO         3958    i.__scatterload_copy  mc_w.l(handlers.o)
    0x08003b72   0x08003b72   0x00000002   Code   RO         3959    i.__scatterload_null  mc_w.l(handlers.o)
    0x08003b74   0x08003b74   0x0000000e   Code   RO         3960    i.__scatterload_zeroinit  mc_w.l(handlers.o)
    0x08003b82   0x08003b82   0x00000002   PAD
    0x08003b84   0x08003b84   0x00000410   Code   RO         3872    i._printf_core      mc_w.l(printf8.o)
    0x08003f94   0x08003f94   0x00000024   Code   RO         3873    i._printf_post_padding  mc_w.l(printf8.o)
    0x08003fb8   0x08003fb8   0x0000002e   Code   RO         3874    i._printf_pre_padding  mc_w.l(printf8.o)
    0x08003fe6   0x08003fe6   0x0000000a   Code   RO         3876    i._sputc            mc_w.l(printf8.o)
    0x08003ff0   0x08003ff0   0x0000001a   Code   RO          786    i.delay_10ms        rc522.o
    0x0800400a   0x0800400a   0x00000002   PAD
    0x0800400c   0x0800400c   0x0000001c   Code   RO          374    i.fputc             usart.o
    0x08004028   0x08004028   0x00000f20   Code   RO           25    i.main              main.o
    0x08004f48   0x08004f48   0x000000e0   Code   RO           26    i.press_FR          main.o
    0x08005028   0x08005028   0x00000022   Code   RO         1083    i.stmflash_read     myflash.o
    0x0800504a   0x0800504a   0x00000006   Code   RO         1084    i.stmflash_read_halfword  myflash.o
    0x08005050   0x08005050   0x000000f8   Code   RO         1085    i.stmflash_write    myflash.o
    0x08005148   0x08005148   0x0000002c   Code   RO         1086    i.stmflash_write_nocheck  myflash.o
    0x08005174   0x08005174   0x000005f0   Data   RO          939    .constdata          oled.o
    0x08005764   0x08005764   0x00000018   Data   RO         3615    .constdata          system_stm32f1xx.o
    0x0800577c   0x0800577c   0x00000020   Data   RO         3956    Region$$Table       anon$$obj.o


    Execution Region RW_IRAM1 (Exec base: 0x20000000, Load base: 0x0800579c, Size: 0x00000c90, Max: 0x00010000, ABSOLUTE)

    Exec Addr    Load Addr    Size         Type   Attr      Idx    E Section Name        Object

    0x20000000   0x0800579c   0x0000000c   Data   RW           28    .data               main.o
    0x2000000c   0x080057a8   0x00000008   Data   RW          376    .data               usart.o
    0x20000014   0x080057b0   0x00000004   Data   RW          614    .data               as608.o
    0x20000018   0x080057b4   0x00000018   Data   RW          787    .data               rc522.o
    0x20000030   0x080057cc   0x00000009   Data   RW         2632    .data               stm32f1xx_hal.o
    0x20000039   0x080057d5   0x00000003   PAD
    0x2000003c   0x080057d8   0x00000004   Data   RW         3616    .data               system_stm32f1xx.o
    0x20000040        -       0x000003dc   Zero   RW          375    .bss                usart.o
    0x2000041c        -       0x0000040a   Zero   RW         1088    .bss                myflash.o
    0x20000826   0x080057dc   0x00000002   PAD
    0x20000828        -       0x00000048   Zero   RW         1142    .bss                tim.o
    0x20000870        -       0x00000020   Zero   RW         3346    .bss                stm32f1xx_hal_flash.o
    0x20000890        -       0x00000400   Zero   RW            1    STACK               startup_stm32f103xe.o


==============================================================================

Image component sizes


      Code (inc. data)   RO Data    RW Data    ZI Data      Debug   Object Name

      1108         62          0          4          0       9848   as608.o
        88          4          0          0          0     488243   gpio.o
       256         14          0          0          0       1298   key.o
      5036       1310          0         12          0     462132   main.o
       332          6          0          0       1034       3452   myflash.o
       822         26       1520          0          0       8543   oled.o
      1496         22          0         24          0       9133   rc522.o
        56          8          0          0          0        828   servo.o
        36          8        304          0       1024        784   startup_stm32f103xe.o
       192         36          0          9          0       6365   stm32f1xx_hal.o
       304         22          0          0          0      29303   stm32f1xx_hal_cortex.o
       510         10          0          0          0       1843   stm32f1xx_hal_dma.o
       520         48          0          0         32       4058   stm32f1xx_hal_flash.o
       256         26          0          0          0       2491   stm32f1xx_hal_flash_ex.o
       860         40          0          0          0       3271   stm32f1xx_hal_gpio.o
        84          8          0          0          0        834   stm32f1xx_hal_msp.o
      1784        110          0          0          0       5888   stm32f1xx_hal_rcc.o
      1228         80          0          0          0       6868   stm32f1xx_hal_tim.o
       156         22          0          0          0       1280   stm32f1xx_hal_tim_ex.o
      2028         14          0          0          0      12290   stm32f1xx_hal_uart.o
        64          4          0          0          0       4113   stm32f1xx_it.o
        88         18         24          4          0       1115   system_stm32f1xx.o
       260         30          0          0         72       2115   tim.o
      1418        142          0          8        988       8459   usart.o

    ----------------------------------------------------------------------
     19008       2070       1880         64       3152    1074554   Object Totals
         0          0         32          0          0          0   (incl. Generated)
        26          0          0          3          2          0   (incl. Padding)

    ----------------------------------------------------------------------

      Code (inc. data)   RO Data    RW Data    ZI Data      Debug   Library Member Name

         0          0          0          0          0          0   entry.o
         0          0          0          0          0          0   entry10a.o
         0          0          0          0          0          0   entry11a.o
         8          4          0          0          0          0   entry2.o
         4          0          0          0          0          0   entry5.o
         0          0          0          0          0          0   entry7b.o
         0          0          0          0          0          0   entry8b.o
         8          4          0          0          0          0   entry9a.o
        30          0          0          0          0          0   handlers.o
        36          8          0          0          0         68   init.o
        30          0          0          0          0         68   llshl.o
        32          0          0          0          0         68   llushr.o
        36          0          0          0          0        108   memseta.o
      1204         60          0          0          0        504   printf8.o
        14          0          0          0          0         68   strlen.o
        36          0          0          0          0         80   strstr.o
        98          0          0          0          0         92   uldiv.o

    ----------------------------------------------------------------------
      1540         76          0          0          0       1056   Library Totals
         4          0          0          0          0          0   (incl. Padding)

    ----------------------------------------------------------------------

      Code (inc. data)   RO Data    RW Data    ZI Data      Debug   Library Name

      1536         76          0          0          0       1056   mc_w.l

    ----------------------------------------------------------------------
      1540         76          0          0          0       1056   Library Totals

    ----------------------------------------------------------------------

==============================================================================


      Code (inc. data)   RO Data    RW Data    ZI Data      Debug   

     20548       2146       1880         64       3152    1067546   Grand Totals
     20548       2146       1880         64       3152    1067546   ELF Image Totals
     20548       2146       1880         64          0          0   ROM Totals

==============================================================================

    Total RO  Size (Code + RO Data)                22428 (  21.90kB)
    Total RW  Size (RW Data + ZI Data)              3216 (   3.14kB)
    Total ROM Size (Code + RO Data + RW Data)      22492 (  21.96kB)

==============================================================================

